Archive member included to satisfy reference by file (symbol)

/opt/ps4sdk/libPS4/libPS4.a(debug.o)
                              build/decrypt.o (DEBUG_SOCK)
/opt/ps4sdk/libPS4/libPS4.a(file.o)
                              build/decryptio.o (read)
/opt/ps4sdk/libPS4/libPS4.a(kernel.o)
                              build/encryptsrv.o (ioctl)
/opt/ps4sdk/libPS4/libPS4.a(libc.o)
                              build/main.o (initLibc)
/opt/ps4sdk/libPS4/libPS4.a(memory.o)
                              build/kernel_utils.o (mmap)
/opt/ps4sdk/libPS4/libPS4.a(module.o)
                              /opt/ps4sdk/libPS4/libPS4.a(kernel.o) (getFunctionAddressByName)
/opt/ps4sdk/libPS4/libPS4.a(network.o)
                              build/main.o (initNetwork)
/opt/ps4sdk/libPS4/libPS4.a(pthread.o)
                              build/main.o (initPthread)
/opt/ps4sdk/libPS4/libPS4.a(sysutil.o)
                              build/main.o (initSysUtil)
/opt/ps4sdk/libPS4/libPS4.a(syscall.o)
                              build/decrypt.o (syscall)

Merging program properties

Removed property 0xc0000002 to merge build/checkheaders.o (0x3) and /tmp/ccJInF1l.o (not found)
Removed property 0xc0000002 to merge build/checkheaders.o (not found) and build/decrypt.o (0x3)
Removed property 0xc0000002 to merge build/checkheaders.o (not found) and build/decryptio.o (0x3)
Removed property 0xc0000002 to merge build/checkheaders.o (not found) and build/encryptsrv.o (0x3)
Removed property 0xc0000002 to merge build/checkheaders.o (not found) and build/kernel_utils.o (0x3)
Removed property 0xc0000002 to merge build/checkheaders.o (not found) and build/main.o (0x3)
Removed property 0xc0000002 to merge build/checkheaders.o (not found) and /opt/ps4sdk/libPS4/libPS4.a(debug.o) (0x3)
Removed property 0xc0000002 to merge build/checkheaders.o (not found) and /opt/ps4sdk/libPS4/libPS4.a(file.o) (0x3)
Removed property 0xc0000002 to merge build/checkheaders.o (not found) and /opt/ps4sdk/libPS4/libPS4.a(kernel.o) (0x3)
Removed property 0xc0000002 to merge build/checkheaders.o (not found) and /opt/ps4sdk/libPS4/libPS4.a(libc.o) (0x3)
Removed property 0xc0000002 to merge build/checkheaders.o (not found) and /opt/ps4sdk/libPS4/libPS4.a(memory.o) (0x3)
Removed property 0xc0000002 to merge build/checkheaders.o (not found) and /opt/ps4sdk/libPS4/libPS4.a(module.o) (0x3)
Removed property 0xc0000002 to merge build/checkheaders.o (not found) and /opt/ps4sdk/libPS4/libPS4.a(network.o) (0x3)
Removed property 0xc0000002 to merge build/checkheaders.o (not found) and /opt/ps4sdk/libPS4/libPS4.a(pthread.o) (0x3)
Removed property 0xc0000002 to merge build/checkheaders.o (not found) and /opt/ps4sdk/libPS4/libPS4.a(sysutil.o) (0x3)

Discarded input sections

 .data          0x0000000000000000        0x0 /tmp/ccJInF1l.o
 .bss           0x0000000000000000        0x0 /tmp/ccJInF1l.o
 .text          0x0000000000000000        0x0 build/checkheaders.o
 .data          0x0000000000000000        0x0 build/checkheaders.o
 .bss           0x0000000000000000        0x0 build/checkheaders.o
 .comment       0x0000000000000000       0x2c build/checkheaders.o
 .note.GNU-stack
                0x0000000000000000        0x0 build/checkheaders.o
 .note.gnu.property
                0x0000000000000000       0x20 build/checkheaders.o
 .text          0x0000000000000000        0x0 build/decrypt.o
 .data          0x0000000000000000        0x0 build/decrypt.o
 .bss           0x0000000000000000        0x0 build/decrypt.o
 .comment       0x0000000000000000       0x2c build/decrypt.o
 .note.GNU-stack
                0x0000000000000000        0x0 build/decrypt.o
 .note.gnu.property
                0x0000000000000000       0x20 build/decrypt.o
 .eh_frame      0x0000000000000000      0x240 build/decrypt.o
 .text          0x0000000000000000        0x0 build/decryptio.o
 .data          0x0000000000000000        0x0 build/decryptio.o
 .bss           0x0000000000000000        0x0 build/decryptio.o
 .comment       0x0000000000000000       0x2c build/decryptio.o
 .note.GNU-stack
                0x0000000000000000        0x0 build/decryptio.o
 .note.gnu.property
                0x0000000000000000       0x20 build/decryptio.o
 .eh_frame      0x0000000000000000       0xb0 build/decryptio.o
 .text          0x0000000000000000        0x0 build/encryptsrv.o
 .data          0x0000000000000000        0x0 build/encryptsrv.o
 .bss           0x0000000000000000        0x0 build/encryptsrv.o
 .comment       0x0000000000000000       0x2c build/encryptsrv.o
 .note.GNU-stack
                0x0000000000000000        0x0 build/encryptsrv.o
 .note.gnu.property
                0x0000000000000000       0x20 build/encryptsrv.o
 .eh_frame      0x0000000000000000      0x180 build/encryptsrv.o
 .text          0x0000000000000000        0x0 build/kernel_utils.o
 .data          0x0000000000000000        0x0 build/kernel_utils.o
 .bss           0x0000000000000000        0x0 build/kernel_utils.o
 .text.kpayload_get_kbase
                0x0000000000000000       0xa4 build/kernel_utils.o
 .text.kpayload_kernel_dumper
                0x0000000000000000       0x89 build/kernel_utils.o
 .text.get_kernel_base
                0x0000000000000000       0x7d build/kernel_utils.o
 .text.dump_kernel
                0x0000000000000000       0x31 build/kernel_utils.o
 .comment       0x0000000000000000       0x2c build/kernel_utils.o
 .note.GNU-stack
                0x0000000000000000        0x0 build/kernel_utils.o
 .note.gnu.property
                0x0000000000000000       0x20 build/kernel_utils.o
 .eh_frame      0x0000000000000000      0x128 build/kernel_utils.o
 .text          0x0000000000000000        0x0 build/main.o
 .data          0x0000000000000000        0x0 build/main.o
 .bss           0x0000000000000000        0x0 build/main.o
 .bss.sock      0x0000000000000000        0x4 build/main.o
 .comment       0x0000000000000000       0x2c build/main.o
 .note.GNU-stack
                0x0000000000000000        0x0 build/main.o
 .note.gnu.property
                0x0000000000000000       0x20 build/main.o
 .eh_frame      0x0000000000000000       0x78 build/main.o
 .text          0x0000000000000000        0x0 /opt/ps4sdk/libPS4/libPS4.a(debug.o)
 .data          0x0000000000000000        0x0 /opt/ps4sdk/libPS4/libPS4.a(debug.o)
 .bss           0x0000000000000000        0x0 /opt/ps4sdk/libPS4/libPS4.a(debug.o)
 .comment       0x0000000000000000       0x2c /opt/ps4sdk/libPS4/libPS4.a(debug.o)
 .note.GNU-stack
                0x0000000000000000        0x0 /opt/ps4sdk/libPS4/libPS4.a(debug.o)
 .note.gnu.property
                0x0000000000000000       0x20 /opt/ps4sdk/libPS4/libPS4.a(debug.o)
 .data          0x0000000000000000        0x0 /opt/ps4sdk/libPS4/libPS4.a(file.o)
 .bss           0x0000000000000000        0x0 /opt/ps4sdk/libPS4/libPS4.a(file.o)
 .text.getSandboxDirectory
                0x0000000000000000       0x1b /opt/ps4sdk/libPS4/libPS4.a(file.o)
 .text.file_exists
                0x0000000000000000       0x23 /opt/ps4sdk/libPS4/libPS4.a(file.o)
 .text.dir_exists
                0x0000000000000000       0x28 /opt/ps4sdk/libPS4/libPS4.a(file.o)
 .text.symlink_exists
                0x0000000000000000       0x3a /opt/ps4sdk/libPS4/libPS4.a(file.o)
 .text.touch_file
                0x0000000000000000       0x23 /opt/ps4sdk/libPS4/libPS4.a(file.o)
 .text.copy_file
                0x0000000000000000       0x99 /opt/ps4sdk/libPS4/libPS4.a(file.o)
 .rodata.copy_dir.str1.1
                0x0000000000000000        0xb /opt/ps4sdk/libPS4/libPS4.a(file.o)
 .text.copy_dir
                0x0000000000000000      0x13f /opt/ps4sdk/libPS4/libPS4.a(file.o)
 .text.file_compare
                0x0000000000000000      0x176 /opt/ps4sdk/libPS4/libPS4.a(file.o)
 .text.rmtree   0x0000000000000000      0x158 /opt/ps4sdk/libPS4/libPS4.a(file.o)
 .text.fgetc_pointer
                0x0000000000000000       0x2c /opt/ps4sdk/libPS4/libPS4.a(file.o)
 .text.build_iovec
                0x0000000000000000       0xec /opt/ps4sdk/libPS4/libPS4.a(file.o)
 .rodata.mount_large_fs.str1.1
                0x0000000000000000       0x4b /opt/ps4sdk/libPS4/libPS4.a(file.o)
 .text.mount_large_fs
                0x0000000000000000      0x14e /opt/ps4sdk/libPS4/libPS4.a(file.o)
 .comment       0x0000000000000000       0x2c /opt/ps4sdk/libPS4/libPS4.a(file.o)
 .note.GNU-stack
                0x0000000000000000        0x0 /opt/ps4sdk/libPS4/libPS4.a(file.o)
 .note.gnu.property
                0x0000000000000000       0x20 /opt/ps4sdk/libPS4/libPS4.a(file.o)
 .eh_frame      0x0000000000000000      0x278 /opt/ps4sdk/libPS4/libPS4.a(file.o)
 .data          0x0000000000000000        0x0 /opt/ps4sdk/libPS4/libPS4.a(kernel.o)
 .bss           0x0000000000000000        0x0 /opt/ps4sdk/libPS4/libPS4.a(kernel.o)
 .comment       0x0000000000000000       0x2c /opt/ps4sdk/libPS4/libPS4.a(kernel.o)
 .note.GNU-stack
                0x0000000000000000        0x0 /opt/ps4sdk/libPS4/libPS4.a(kernel.o)
 .note.gnu.property
                0x0000000000000000       0x20 /opt/ps4sdk/libPS4/libPS4.a(kernel.o)
 .eh_frame      0x0000000000000000       0x50 /opt/ps4sdk/libPS4/libPS4.a(kernel.o)
 .text          0x0000000000000000        0x0 /opt/ps4sdk/libPS4/libPS4.a(libc.o)
 .data          0x0000000000000000        0x0 /opt/ps4sdk/libPS4/libPS4.a(libc.o)
 .bss           0x0000000000000000        0x0 /opt/ps4sdk/libPS4/libPS4.a(libc.o)
 .text.memset_s
                0x0000000000000000       0x51 /opt/ps4sdk/libPS4/libPS4.a(libc.o)
 .comment       0x0000000000000000       0x2c /opt/ps4sdk/libPS4/libPS4.a(libc.o)
 .note.GNU-stack
                0x0000000000000000        0x0 /opt/ps4sdk/libPS4/libPS4.a(libc.o)
 .note.gnu.property
                0x0000000000000000       0x20 /opt/ps4sdk/libPS4/libPS4.a(libc.o)
 .eh_frame      0x0000000000000000       0x68 /opt/ps4sdk/libPS4/libPS4.a(libc.o)
 .data          0x0000000000000000        0x0 /opt/ps4sdk/libPS4/libPS4.a(memory.o)
 .bss           0x0000000000000000        0x0 /opt/ps4sdk/libPS4/libPS4.a(memory.o)
 .comment       0x0000000000000000       0x2c /opt/ps4sdk/libPS4/libPS4.a(memory.o)
 .note.GNU-stack
                0x0000000000000000        0x0 /opt/ps4sdk/libPS4/libPS4.a(memory.o)
 .note.gnu.property
                0x0000000000000000       0x20 /opt/ps4sdk/libPS4/libPS4.a(memory.o)
 .data          0x0000000000000000        0x0 /opt/ps4sdk/libPS4/libPS4.a(module.o)
 .bss           0x0000000000000000        0x0 /opt/ps4sdk/libPS4/libPS4.a(module.o)
 .text.getModuleInfo
                0x0000000000000000       0x1f /opt/ps4sdk/libPS4/libPS4.a(module.o)
 .text.unloadModule
                0x0000000000000000       0x19 /opt/ps4sdk/libPS4/libPS4.a(module.o)
 .rodata.initModule.str1.1
                0x0000000000000000       0x2c /opt/ps4sdk/libPS4/libPS4.a(module.o)
 .text.initModule
                0x0000000000000000       0x47 /opt/ps4sdk/libPS4/libPS4.a(module.o)
 .bss.sceSysmoduleLoadModule
                0x0000000000000000        0x8 /opt/ps4sdk/libPS4/libPS4.a(module.o)
 .bss.libModule
                0x0000000000000000        0x4 /opt/ps4sdk/libPS4/libPS4.a(module.o)
 .comment       0x0000000000000000       0x2c /opt/ps4sdk/libPS4/libPS4.a(module.o)
 .note.GNU-stack
                0x0000000000000000        0x0 /opt/ps4sdk/libPS4/libPS4.a(module.o)
 .note.gnu.property
                0x0000000000000000       0x20 /opt/ps4sdk/libPS4/libPS4.a(module.o)
 .eh_frame      0x0000000000000000       0x80 /opt/ps4sdk/libPS4/libPS4.a(module.o)
 .text          0x0000000000000000        0x0 /opt/ps4sdk/libPS4/libPS4.a(network.o)
 .data          0x0000000000000000        0x0 /opt/ps4sdk/libPS4/libPS4.a(network.o)
 .bss           0x0000000000000000        0x0 /opt/ps4sdk/libPS4/libPS4.a(network.o)
 .text.SckConnect
                0x0000000000000000       0xa9 /opt/ps4sdk/libPS4/libPS4.a(network.o)
 .text.SckClose
                0x0000000000000000        0xd /opt/ps4sdk/libPS4/libPS4.a(network.o)
 .text.SckRecv  0x0000000000000000       0xce /opt/ps4sdk/libPS4/libPS4.a(network.o)
 .text.SckRecvf
                0x0000000000000000       0x7b /opt/ps4sdk/libPS4/libPS4.a(network.o)
 .comment       0x0000000000000000       0x2c /opt/ps4sdk/libPS4/libPS4.a(network.o)
 .note.GNU-stack
                0x0000000000000000        0x0 /opt/ps4sdk/libPS4/libPS4.a(network.o)
 .note.gnu.property
                0x0000000000000000       0x20 /opt/ps4sdk/libPS4/libPS4.a(network.o)
 .eh_frame      0x0000000000000000      0x118 /opt/ps4sdk/libPS4/libPS4.a(network.o)
 .text          0x0000000000000000        0x0 /opt/ps4sdk/libPS4/libPS4.a(pthread.o)
 .data          0x0000000000000000        0x0 /opt/ps4sdk/libPS4/libPS4.a(pthread.o)
 .bss           0x0000000000000000        0x0 /opt/ps4sdk/libPS4/libPS4.a(pthread.o)
 .comment       0x0000000000000000       0x2c /opt/ps4sdk/libPS4/libPS4.a(pthread.o)
 .note.GNU-stack
                0x0000000000000000        0x0 /opt/ps4sdk/libPS4/libPS4.a(pthread.o)
 .note.gnu.property
                0x0000000000000000       0x20 /opt/ps4sdk/libPS4/libPS4.a(pthread.o)
 .eh_frame      0x0000000000000000       0x48 /opt/ps4sdk/libPS4/libPS4.a(pthread.o)
 .text          0x0000000000000000        0x0 /opt/ps4sdk/libPS4/libPS4.a(sysutil.o)
 .data          0x0000000000000000        0x0 /opt/ps4sdk/libPS4/libPS4.a(sysutil.o)
 .bss           0x0000000000000000        0x0 /opt/ps4sdk/libPS4/libPS4.a(sysutil.o)
 .rodata.initUserService.str1.1
                0x0000000000000000       0xb3 /opt/ps4sdk/libPS4/libPS4.a(sysutil.o)
 .text.initUserService
                0x0000000000000000       0x9f /opt/ps4sdk/libPS4/libPS4.a(sysutil.o)
 .text.openBrowser
                0x0000000000000000       0x12 /opt/ps4sdk/libPS4/libPS4.a(sysutil.o)
 .text.getUserIDList
                0x0000000000000000       0x47 /opt/ps4sdk/libPS4/libPS4.a(sysutil.o)
 .text.getUserID
                0x0000000000000000       0x18 /opt/ps4sdk/libPS4/libPS4.a(sysutil.o)
 .text.getUserName
                0x0000000000000000       0x8d /opt/ps4sdk/libPS4/libPS4.a(sysutil.o)
 .text.getInitialUser
                0x0000000000000000       0x45 /opt/ps4sdk/libPS4/libPS4.a(sysutil.o)
 .rodata.shutdown.str1.1
                0x0000000000000000       0x11 /opt/ps4sdk/libPS4/libPS4.a(sysutil.o)
 .text.shutdown
                0x0000000000000000       0x54 /opt/ps4sdk/libPS4/libPS4.a(sysutil.o)
 .rodata.reboot.str1.1
                0x0000000000000000       0x32 /opt/ps4sdk/libPS4/libPS4.a(sysutil.o)
 .text.reboot   0x0000000000000000       0x41 /opt/ps4sdk/libPS4/libPS4.a(sysutil.o)
 .bss.sceKernelReboot
                0x0000000000000000        0x8 /opt/ps4sdk/libPS4/libPS4.a(sysutil.o)
 .bss.sceUserServiceTerminate
                0x0000000000000000        0x8 /opt/ps4sdk/libPS4/libPS4.a(sysutil.o)
 .bss.sceUserServiceGetInitialUser
                0x0000000000000000        0x8 /opt/ps4sdk/libPS4/libPS4.a(sysutil.o)
 .bss.sceUserServiceGetUserName
                0x0000000000000000        0x8 /opt/ps4sdk/libPS4/libPS4.a(sysutil.o)
 .bss.sceUserServiceGetLoginUserIdList
                0x0000000000000000        0x8 /opt/ps4sdk/libPS4/libPS4.a(sysutil.o)
 .bss.sceUserServiceInitialize
                0x0000000000000000        0x8 /opt/ps4sdk/libPS4/libPS4.a(sysutil.o)
 .bss.libSceUserService
                0x0000000000000000        0x4 /opt/ps4sdk/libPS4/libPS4.a(sysutil.o)
 .comment       0x0000000000000000       0x2c /opt/ps4sdk/libPS4/libPS4.a(sysutil.o)
 .note.GNU-stack
                0x0000000000000000        0x0 /opt/ps4sdk/libPS4/libPS4.a(sysutil.o)
 .note.gnu.property
                0x0000000000000000       0x20 /opt/ps4sdk/libPS4/libPS4.a(sysutil.o)
 .eh_frame      0x0000000000000000      0x120 /opt/ps4sdk/libPS4/libPS4.a(sysutil.o)
 .data          0x0000000000000000        0x0 /opt/ps4sdk/libPS4/libPS4.a(syscall.o)
 .bss           0x0000000000000000        0x0 /opt/ps4sdk/libPS4/libPS4.a(syscall.o)

Memory Configuration

Name             Origin             Length             Attributes
*default*        0x0000000000000000 0xffffffffffffffff

Linker script and memory map

LOAD /tmp/ccJInF1l.o
LOAD build/checkheaders.o
LOAD build/decrypt.o
LOAD build/decryptio.o
LOAD build/encryptsrv.o
LOAD build/kernel_utils.o
LOAD build/main.o

.text           0x0000000000000000     0x3228
 *(.text.start)
 *(.text*)
 .text          0x0000000000000000        0x5 /tmp/ccJInF1l.o
                0x0000000000000000                _start
 .text.verify_segment
                0x0000000000000005       0xb0 build/decrypt.o
                0x0000000000000005                verify_segment
 .text.verify_segments
                0x00000000000000b5       0xc8 build/decrypt.o
                0x00000000000000b5                verify_segments
 .text.decrypt_segment
                0x000000000000017d      0x168 build/decrypt.o
                0x000000000000017d                decrypt_segment
 .text.decrypt_segment_blocks
                0x00000000000002e5      0x539 build/decrypt.o
                0x00000000000002e5                decrypt_segment_blocks
 .text.find_table_segment
                0x000000000000081e       0x66 build/decrypt.o
                0x000000000000081e                find_table_segment
 .text.decrypt_pup_data
                0x0000000000000884      0x275 build/decrypt.o
                0x0000000000000884                decrypt_pup_data
 .text.decrypt_pup
                0x0000000000000af9       0xfe build/decrypt.o
                0x0000000000000af9                decrypt_pup
 .text.decrypt_pups
                0x0000000000000bf7      0x3d9 build/decrypt.o
                0x0000000000000bf7                decrypt_pups
 .text.readbytes
                0x0000000000000fd0      0x141 build/decryptio.o
                0x0000000000000fd0                readbytes
 .text.writebytes
                0x0000000000001111      0x141 build/decryptio.o
                0x0000000000001111                writebytes
 .text.translate_type
                0x0000000000001252       0x29 build/encryptsrv.o
                0x0000000000001252                translate_type
 .text.encsrv_verify_blsheader
                0x000000000000127b       0x5b build/encryptsrv.o
                0x000000000000127b                encsrv_verify_blsheader
 .text.encsrv_decrypt_header
                0x00000000000012d6       0x62 build/encryptsrv.o
                0x00000000000012d6                encsrv_decrypt_header
 .text.encsrv_verify_segment
                0x0000000000001338       0x6b build/encryptsrv.o
                0x0000000000001338                encsrv_verify_segment
 .text.encsrv_decrypt_segment
                0x00000000000013a3       0x5c build/encryptsrv.o
                0x00000000000013a3                encsrv_decrypt_segment
 .text.encsrv_decrypt_segment_block
                0x00000000000013ff       0x85 build/encryptsrv.o
                0x00000000000013ff                encsrv_decrypt_segment_block
 .text.kpayload_get_fw_version
                0x0000000000001484      0x879 build/kernel_utils.o
                0x0000000000001484                kpayload_get_fw_version
 .text.kpayload_jailbreak
                0x0000000000001cfd      0x36c build/kernel_utils.o
                0x0000000000001cfd                kpayload_jailbreak
 .text.get_fw_version
                0x0000000000002069       0x6f build/kernel_utils.o
                0x0000000000002069                get_fw_version
 .text.jailbreak
                0x00000000000020d8       0x25 build/kernel_utils.o
                0x00000000000020d8                jailbreak
 .text.GetElapsed
                0x00000000000020fd       0x31 build/main.o
                0x00000000000020fd                GetElapsed
 .text._main    0x000000000000212e      0x177 build/main.o
                0x000000000000212e                _main
 .text          0x00000000000022a5      0x108 /opt/ps4sdk/libPS4/libPS4.a(file.o)
                0x00000000000022a5                read
                0x00000000000022b1                write
                0x00000000000022bd                open
                0x00000000000022c9                close
                0x00000000000022d5                unlink
                0x00000000000022e1                link
                0x00000000000022ed                readlink
                0x00000000000022f9                symlink
                0x0000000000002305                mount
                0x0000000000002311                nmount
                0x000000000000231d                unmount
                0x0000000000002329                fchown
                0x0000000000002335                fchmod
                0x0000000000002341                rename
                0x000000000000234d                mkdir
                0x0000000000002359                rmdir
                0x0000000000002365                stat
                0x0000000000002371                fstat
                0x000000000000237d                lstat
                0x0000000000002389                getdents
                0x0000000000002395                lseek
                0x00000000000023a1                fstatat
 .text          0x00000000000023ad       0x24 /opt/ps4sdk/libPS4/libPS4.a(kernel.o)
                0x00000000000023ad                kill
                0x00000000000023b9                ioctl
                0x00000000000023c5                kexec
 .text.initKernel
                0x00000000000023d1      0x394 /opt/ps4sdk/libPS4/libPS4.a(kernel.o)
                0x00000000000023d1                initKernel
 .text.initLibc
                0x0000000000002765      0x5d1 /opt/ps4sdk/libPS4/libPS4.a(libc.o)
                0x0000000000002765                initLibc
 .text          0x0000000000002d36       0x60 /opt/ps4sdk/libPS4/libPS4.a(memory.o)
                0x0000000000002d36                mmap
                0x0000000000002d42                munmap
                0x0000000000002d4e                mprotect
                0x0000000000002d5a                msync
                0x0000000000002d66                mlock
                0x0000000000002d72                munlock
                0x0000000000002d7e                getMemoryInfo
                0x0000000000002d8a                getOtherMemoryInfo
 .text          0x0000000000002d96       0x18 /opt/ps4sdk/libPS4/libPS4.a(module.o)
                0x0000000000002d96                getFunctionAddressByName
                0x0000000000002da2                getLoadedModules
 .text.loadModule
                0x0000000000002dae       0x1e /opt/ps4sdk/libPS4/libPS4.a(module.o)
                0x0000000000002dae                loadModule
 .text.initNetwork
                0x0000000000002dcc      0x258 /opt/ps4sdk/libPS4/libPS4.a(network.o)
                0x0000000000002dcc                initNetwork
 .text.SckSend  0x0000000000003024       0x15 /opt/ps4sdk/libPS4/libPS4.a(network.o)
                0x0000000000003024                SckSend
 .text.initPthread
                0x0000000000003039      0x13b /opt/ps4sdk/libPS4/libPS4.a(pthread.o)
                0x0000000000003039                initPthread
 .text.initSysUtil
                0x0000000000003174       0x86 /opt/ps4sdk/libPS4/libPS4.a(sysutil.o)
                0x0000000000003174                initSysUtil
 .text          0x00000000000031fa       0x2e /opt/ps4sdk/libPS4/libPS4.a(syscall.o)
                0x00000000000031fa                syscall
                0x00000000000031fd                syscall_macro

.plt            0x0000000000003230       0x30
 .plt           0x0000000000003230       0x30 /tmp/ccJInF1l.o

.plt.got        0x0000000000003260        0x0
 .plt.got       0x0000000000003260        0x0 /tmp/ccJInF1l.o

.rodata         0x0000000000003260     0x102a
 *(.rodata)
 *(.rodata*)
 .rodata.verify_segment.str1.1
                0x0000000000003260       0x50 build/decrypt.o
 .rodata.verify_segments.str1.1
                0x00000000000032b0       0x46 build/decrypt.o
 .rodata.decrypt_segment.str1.1
                0x00000000000032f6       0x6c build/decrypt.o
 .rodata.decrypt_segment_blocks.str1.1
                0x0000000000003362      0x209 build/decrypt.o
 .rodata.find_table_segment.str1.1
                0x000000000000356b       0x20 build/decrypt.o
 .rodata.decrypt_pup_data.str1.1
                0x000000000000358b      0x19e build/decrypt.o
 .rodata.decrypt_pup.str1.1
                0x0000000000003729       0x8e build/decrypt.o
 .rodata.decrypt_pups.str1.1
                0x00000000000037b7      0x14e build/decrypt.o
                                        0x151 (size before relaxing)
 *fill*         0x0000000000003905        0x3 
 .rodata.cst4   0x0000000000003908        0x4 build/decrypt.o
 .rodata.readbytes.str1.1
                0x000000000000390c       0xba build/decryptio.o
 .rodata.writebytes.str1.1
                0x00000000000039c6       0xbf build/decryptio.o
 .rodata._main.str1.1
                0x0000000000003a85       0x35 build/main.o
                                         0x9d (size before relaxing)
 .rodata.initKernel.str1.1
                0x0000000000003aba      0x2d4 /opt/ps4sdk/libPS4/libPS4.a(kernel.o)
 .rodata.initLibc.str1.1
                0x0000000000003d8e      0x1f8 /opt/ps4sdk/libPS4/libPS4.a(libc.o)
                                        0x216 (size before relaxing)
 .rodata.initNetwork.str1.1
                0x0000000000003f86      0x173 /opt/ps4sdk/libPS4/libPS4.a(network.o)
 .rodata.initPthread.str1.1
                0x00000000000040f9       0xf5 /opt/ps4sdk/libPS4/libPS4.a(pthread.o)
 .rodata.initSysUtil.str1.1
                0x00000000000041ee       0x9c /opt/ps4sdk/libPS4/libPS4.a(sysutil.o)

.gnu.version_d  0x0000000000004290        0x0
 .gnu.version_d
                0x0000000000004290        0x0 /tmp/ccJInF1l.o

.gnu.version    0x000000000000428a        0x0
 .gnu.version   0x000000000000428a        0x0 /tmp/ccJInF1l.o

.gnu.version_r  0x0000000000004290        0x0
 .gnu.version_r
                0x0000000000004290        0x0 /tmp/ccJInF1l.o

.dynsym         0x0000000000004290       0x18
 .dynsym        0x0000000000004290       0x18 /tmp/ccJInF1l.o

.dynstr         0x00000000000042a8        0x1
 .dynstr        0x00000000000042a8        0x1 /tmp/ccJInF1l.o

.gnu.hash       0x00000000000042b0       0x1c
 .gnu.hash      0x00000000000042b0       0x1c /tmp/ccJInF1l.o

.eh_frame_hdr   0x00000000000042cc        0x0
 .eh_frame_hdr  0x00000000000042cc        0x0 build/decrypt.o

.rela.dyn       0x00000000000042d0       0x30
 .rela.plt      0x00000000000042d0       0x30 /tmp/ccJInF1l.o
 .rela.got      0x0000000000004300        0x0 /tmp/ccJInF1l.o
 .rela.bss      0x0000000000004300        0x0 /tmp/ccJInF1l.o
 .rela.data.rel.ro
                0x0000000000004300        0x0 /tmp/ccJInF1l.o
 .rela.ifunc    0x0000000000004300        0x0 /tmp/ccJInF1l.o

.data
 *(.data)

.dynamic        0x0000000000004300      0x120
 .dynamic       0x0000000000004300      0x120 /tmp/ccJInF1l.o
                0x0000000000004300                _DYNAMIC

.got            0x0000000000004420        0x0
 .got           0x0000000000004420        0x0 /tmp/ccJInF1l.o

.got.plt        0x0000000000004420       0x28
 .got.plt       0x0000000000004420       0x28 /tmp/ccJInF1l.o
                0x0000000000004420                _GLOBAL_OFFSET_TABLE_

.data.rel.ro    0x0000000000004448        0x0
 .data.rel.ro   0x0000000000004448        0x0 /tmp/ccJInF1l.o

.data.DEBUG_SOCK
                0x0000000000004448        0x4
 .data.DEBUG_SOCK
                0x0000000000004448        0x4 /opt/ps4sdk/libPS4/libPS4.a(debug.o)
                0x0000000000004448                DEBUG_SOCK

.bss
 *(.bss)

.dynbss         0x000000000000444c        0x0
 .dynbss        0x000000000000444c        0x0 /tmp/ccJInF1l.o

.bss.prevtime   0x0000000000004450        0x8
 .bss.prevtime  0x0000000000004450        0x8 build/main.o
                0x0000000000004450                prevtime

.bss.sceKernelGetCpuTemperature
                0x0000000000004458        0x8
 .bss.sceKernelGetCpuTemperature
                0x0000000000004458        0x8 /opt/ps4sdk/libPS4/libPS4.a(kernel.o)
                0x0000000000004458                sceKernelGetCpuTemperature

.bss.sceKernelGetSystemSwVersion
                0x0000000000004460        0x8
 .bss.sceKernelGetSystemSwVersion
                0x0000000000004460        0x8 /opt/ps4sdk/libPS4/libPS4.a(kernel.o)
                0x0000000000004460                sceKernelGetSystemSwVersion

.bss.sceKernelGetFsSandboxRandomWord
                0x0000000000004468        0x8
 .bss.sceKernelGetFsSandboxRandomWord
                0x0000000000004468        0x8 /opt/ps4sdk/libPS4/libPS4.a(kernel.o)
                0x0000000000004468                sceKernelGetFsSandboxRandomWord

.bss.sceKernelSendNotificationRequest
                0x0000000000004470        0x8
 .bss.sceKernelSendNotificationRequest
                0x0000000000004470        0x8 /opt/ps4sdk/libPS4/libPS4.a(kernel.o)
                0x0000000000004470                sceKernelSendNotificationRequest

.bss.setregid   0x0000000000004478        0x8
 .bss.setregid  0x0000000000004478        0x8 /opt/ps4sdk/libPS4/libPS4.a(kernel.o)
                0x0000000000004478                setregid

.bss.setreuid   0x0000000000004480        0x8
 .bss.setreuid  0x0000000000004480        0x8 /opt/ps4sdk/libPS4/libPS4.a(kernel.o)
                0x0000000000004480                setreuid

.bss.setgid     0x0000000000004488        0x8
 .bss.setgid    0x0000000000004488        0x8 /opt/ps4sdk/libPS4/libPS4.a(kernel.o)
                0x0000000000004488                setgid

.bss.setuid     0x0000000000004490        0x8
 .bss.setuid    0x0000000000004490        0x8 /opt/ps4sdk/libPS4/libPS4.a(kernel.o)
                0x0000000000004490                setuid

.bss.getpid     0x0000000000004498        0x8
 .bss.getpid    0x0000000000004498        0x8 /opt/ps4sdk/libPS4/libPS4.a(kernel.o)
                0x0000000000004498                getpid

.bss.getgid     0x00000000000044a0        0x8
 .bss.getgid    0x00000000000044a0        0x8 /opt/ps4sdk/libPS4/libPS4.a(kernel.o)
                0x00000000000044a0                getgid

.bss.getuid     0x00000000000044a8        0x8
 .bss.getuid    0x00000000000044a8        0x8 /opt/ps4sdk/libPS4/libPS4.a(kernel.o)
                0x00000000000044a8                getuid

.bss.sceKernelAddReadEvent
                0x00000000000044b0        0x8
 .bss.sceKernelAddReadEvent
                0x00000000000044b0        0x8 /opt/ps4sdk/libPS4/libPS4.a(kernel.o)
                0x00000000000044b0                sceKernelAddReadEvent

.bss.sceKernelAddUserEvent
                0x00000000000044b8        0x8
 .bss.sceKernelAddUserEvent
                0x00000000000044b8        0x8 /opt/ps4sdk/libPS4/libPS4.a(kernel.o)
                0x00000000000044b8                sceKernelAddUserEvent

.bss.sceKernelDeleteEqueue
                0x00000000000044c0        0x8
 .bss.sceKernelDeleteEqueue
                0x00000000000044c0        0x8 /opt/ps4sdk/libPS4/libPS4.a(kernel.o)
                0x00000000000044c0                sceKernelDeleteEqueue

.bss.sceKernelCreateEqueue
                0x00000000000044c8        0x8
 .bss.sceKernelCreateEqueue
                0x00000000000044c8        0x8 /opt/ps4sdk/libPS4/libPS4.a(kernel.o)
                0x00000000000044c8                sceKernelCreateEqueue

.bss.pthread_setaffinity_np
                0x00000000000044d0        0x8
 .bss.pthread_setaffinity_np
                0x00000000000044d0        0x8 /opt/ps4sdk/libPS4/libPS4.a(kernel.o)
                0x00000000000044d0                pthread_setaffinity_np

.bss.pthread_self
                0x00000000000044d8        0x8
 .bss.pthread_self
                0x00000000000044d8        0x8 /opt/ps4sdk/libPS4/libPS4.a(kernel.o)
                0x00000000000044d8                pthread_self

.bss.execve     0x00000000000044e0        0x8
 .bss.execve    0x00000000000044e0        0x8 /opt/ps4sdk/libPS4/libPS4.a(kernel.o)
                0x00000000000044e0                execve

.bss.sysarch    0x00000000000044e8        0x8
 .bss.sysarch   0x00000000000044e8        0x8 /opt/ps4sdk/libPS4/libPS4.a(kernel.o)
                0x00000000000044e8                sysarch

.bss.sysctlbyname
                0x00000000000044f0        0x8
 .bss.sysctlbyname
                0x00000000000044f0        0x8 /opt/ps4sdk/libPS4/libPS4.a(kernel.o)
                0x00000000000044f0                sysctlbyname

.bss.sysctl     0x00000000000044f8        0x8
 .bss.sysctl    0x00000000000044f8        0x8 /opt/ps4sdk/libPS4/libPS4.a(kernel.o)
                0x00000000000044f8                sysctl

.bss.sceKernelGetCurrentCpu
                0x0000000000004500        0x8
 .bss.sceKernelGetCurrentCpu
                0x0000000000004500        0x8 /opt/ps4sdk/libPS4/libPS4.a(kernel.o)
                0x0000000000004500                sceKernelGetCurrentCpu

.bss.sceKernelGetProcessTime
                0x0000000000004508        0x8
 .bss.sceKernelGetProcessTime
                0x0000000000004508        0x8 /opt/ps4sdk/libPS4/libPS4.a(kernel.o)
                0x0000000000004508                sceKernelGetProcessTime

.bss.sceKernelGettimeofday
                0x0000000000004510        0x8
 .bss.sceKernelGettimeofday
                0x0000000000004510        0x8 /opt/ps4sdk/libPS4/libPS4.a(kernel.o)
                0x0000000000004510                sceKernelGettimeofday

.bss.sceKernelUsleep
                0x0000000000004518        0x8
 .bss.sceKernelUsleep
                0x0000000000004518        0x8 /opt/ps4sdk/libPS4/libPS4.a(kernel.o)
                0x0000000000004518                sceKernelUsleep

.bss.sceKernelSleep
                0x0000000000004520        0x8
 .bss.sceKernelSleep
                0x0000000000004520        0x8 /opt/ps4sdk/libPS4/libPS4.a(kernel.o)
                0x0000000000004520                sceKernelSleep

.bss.sceKernelClose
                0x0000000000004528        0x8
 .bss.sceKernelClose
                0x0000000000004528        0x8 /opt/ps4sdk/libPS4/libPS4.a(kernel.o)
                0x0000000000004528                sceKernelClose

.bss.sceKernelLseek
                0x0000000000004530        0x8
 .bss.sceKernelLseek
                0x0000000000004530        0x8 /opt/ps4sdk/libPS4/libPS4.a(kernel.o)
                0x0000000000004530                sceKernelLseek

.bss.sceKernelRead
                0x0000000000004538        0x8
 .bss.sceKernelRead
                0x0000000000004538        0x8 /opt/ps4sdk/libPS4/libPS4.a(kernel.o)
                0x0000000000004538                sceKernelRead

.bss.sceKernelOpen
                0x0000000000004540        0x8
 .bss.sceKernelOpen
                0x0000000000004540        0x8 /opt/ps4sdk/libPS4/libPS4.a(kernel.o)
                0x0000000000004540                sceKernelOpen

.bss.sceKernelStat
                0x0000000000004548        0x8
 .bss.sceKernelStat
                0x0000000000004548        0x8 /opt/ps4sdk/libPS4/libPS4.a(kernel.o)
                0x0000000000004548                sceKernelStat

.bss.sceKernelGetDirectMemorySize
                0x0000000000004550        0x8
 .bss.sceKernelGetDirectMemorySize
                0x0000000000004550        0x8 /opt/ps4sdk/libPS4/libPS4.a(kernel.o)
                0x0000000000004550                sceKernelGetDirectMemorySize

.bss.sceKernelMapDirectMemory
                0x0000000000004558        0x8
 .bss.sceKernelMapDirectMemory
                0x0000000000004558        0x8 /opt/ps4sdk/libPS4/libPS4.a(kernel.o)
                0x0000000000004558                sceKernelMapDirectMemory

.bss.sceKernelAllocateDirectMemory
                0x0000000000004560        0x8
 .bss.sceKernelAllocateDirectMemory
                0x0000000000004560        0x8 /opt/ps4sdk/libPS4/libPS4.a(kernel.o)
                0x0000000000004560                sceKernelAllocateDirectMemory

.bss.sceKernelLoadStartModule
                0x0000000000004568        0x8
 .bss.sceKernelLoadStartModule
                0x0000000000004568        0x8 /opt/ps4sdk/libPS4/libPS4.a(kernel.o)
                0x0000000000004568                sceKernelLoadStartModule

.bss.sceKernelError
                0x0000000000004570        0x8
 .bss.sceKernelError
                0x0000000000004570        0x8 /opt/ps4sdk/libPS4/libPS4.a(kernel.o)
                0x0000000000004570                sceKernelError

.bss.__error    0x0000000000004578        0x8
 .bss.__error   0x0000000000004578        0x8 /opt/ps4sdk/libPS4/libPS4.a(kernel.o)
                0x0000000000004578                __error

.bss.__stack_chk_fail
                0x0000000000004580        0x8
 .bss.__stack_chk_fail
                0x0000000000004580        0x8 /opt/ps4sdk/libPS4/libPS4.a(kernel.o)
                0x0000000000004580                __stack_chk_fail

.bss.__stack_chk_guard
                0x0000000000004588        0x8
 .bss.__stack_chk_guard
                0x0000000000004588        0x8 /opt/ps4sdk/libPS4/libPS4.a(kernel.o)
                0x0000000000004588                __stack_chk_guard

.bss.libKernelHandle
                0x0000000000004590        0x4
 .bss.libKernelHandle
                0x0000000000004590        0x4 /opt/ps4sdk/libPS4/libPS4.a(kernel.o)
                0x0000000000004590                libKernelHandle

.bss.fprintf    0x0000000000004598        0x8
 .bss.fprintf   0x0000000000004598        0x8 /opt/ps4sdk/libPS4/libPS4.a(libc.o)
                0x0000000000004598                fprintf

.bss.fclose     0x00000000000045a0        0x8
 .bss.fclose    0x00000000000045a0        0x8 /opt/ps4sdk/libPS4/libPS4.a(libc.o)
                0x00000000000045a0                fclose

.bss.ftell      0x00000000000045a8        0x8
 .bss.ftell     0x00000000000045a8        0x8 /opt/ps4sdk/libPS4/libPS4.a(libc.o)
                0x00000000000045a8                ftell

.bss.fseek      0x00000000000045b0        0x8
 .bss.fseek     0x00000000000045b0        0x8 /opt/ps4sdk/libPS4/libPS4.a(libc.o)
                0x00000000000045b0                fseek

.bss.fwrite     0x00000000000045b8        0x8
 .bss.fwrite    0x00000000000045b8        0x8 /opt/ps4sdk/libPS4/libPS4.a(libc.o)
                0x00000000000045b8                fwrite

.bss.fread      0x00000000000045c0        0x8
 .bss.fread     0x00000000000045c0        0x8 /opt/ps4sdk/libPS4/libPS4.a(libc.o)
                0x00000000000045c0                fread

.bss.fopen      0x00000000000045c8        0x8
 .bss.fopen     0x00000000000045c8        0x8 /opt/ps4sdk/libPS4/libPS4.a(libc.o)
                0x00000000000045c8                fopen

.bss.getprogname
                0x00000000000045d0        0x8
 .bss.getprogname
                0x00000000000045d0        0x8 /opt/ps4sdk/libPS4/libPS4.a(libc.o)
                0x00000000000045d0                getprogname

.bss.dirfd      0x00000000000045d8        0x8
 .bss.dirfd     0x00000000000045d8        0x8 /opt/ps4sdk/libPS4/libPS4.a(libc.o)
                0x00000000000045d8                dirfd

.bss.closedir   0x00000000000045e0        0x8
 .bss.closedir  0x00000000000045e0        0x8 /opt/ps4sdk/libPS4/libPS4.a(libc.o)
                0x00000000000045e0                closedir

.bss.rewinddir  0x00000000000045e8        0x8
 .bss.rewinddir
                0x00000000000045e8        0x8 /opt/ps4sdk/libPS4/libPS4.a(libc.o)
                0x00000000000045e8                rewinddir

.bss.seekdir    0x00000000000045f0        0x8
 .bss.seekdir   0x00000000000045f0        0x8 /opt/ps4sdk/libPS4/libPS4.a(libc.o)
                0x00000000000045f0                seekdir

.bss.telldir    0x00000000000045f8        0x8
 .bss.telldir   0x00000000000045f8        0x8 /opt/ps4sdk/libPS4/libPS4.a(libc.o)
                0x00000000000045f8                telldir

.bss.readdir_r  0x0000000000004600        0x8
 .bss.readdir_r
                0x0000000000004600        0x8 /opt/ps4sdk/libPS4/libPS4.a(libc.o)
                0x0000000000004600                readdir_r

.bss.readdir    0x0000000000004608        0x8
 .bss.readdir   0x0000000000004608        0x8 /opt/ps4sdk/libPS4/libPS4.a(libc.o)
                0x0000000000004608                readdir

.bss.opendir    0x0000000000004610        0x8
 .bss.opendir   0x0000000000004610        0x8 /opt/ps4sdk/libPS4/libPS4.a(libc.o)
                0x0000000000004610                opendir

.bss.mktime     0x0000000000004618        0x8
 .bss.mktime    0x0000000000004618        0x8 /opt/ps4sdk/libPS4/libPS4.a(libc.o)
                0x0000000000004618                mktime

.bss.localtime_r
                0x0000000000004620        0x8
 .bss.localtime_r
                0x0000000000004620        0x8 /opt/ps4sdk/libPS4/libPS4.a(libc.o)
                0x0000000000004620                localtime_r

.bss.localtime  0x0000000000004628        0x8
 .bss.localtime
                0x0000000000004628        0x8 /opt/ps4sdk/libPS4/libPS4.a(libc.o)
                0x0000000000004628                localtime

.bss.gmtime_s   0x0000000000004630        0x8
 .bss.gmtime_s  0x0000000000004630        0x8 /opt/ps4sdk/libPS4/libPS4.a(libc.o)
                0x0000000000004630                gmtime_s

.bss.gmtime     0x0000000000004638        0x8
 .bss.gmtime    0x0000000000004638        0x8 /opt/ps4sdk/libPS4/libPS4.a(libc.o)
                0x0000000000004638                gmtime

.bss.time       0x0000000000004640        0x8
 .bss.time      0x0000000000004640        0x8 /opt/ps4sdk/libPS4/libPS4.a(libc.o)
                0x0000000000004640                time

.bss.ctime_r    0x0000000000004648        0x8
 .bss.ctime_r   0x0000000000004648        0x8 /opt/ps4sdk/libPS4/libPS4.a(libc.o)
                0x0000000000004648                ctime_r

.bss.ctime      0x0000000000004650        0x8
 .bss.ctime     0x0000000000004650        0x8 /opt/ps4sdk/libPS4/libPS4.a(libc.o)
                0x0000000000004650                ctime

.bss.asctime_r  0x0000000000004658        0x8
 .bss.asctime_r
                0x0000000000004658        0x8 /opt/ps4sdk/libPS4/libPS4.a(libc.o)
                0x0000000000004658                asctime_r

.bss.asctime    0x0000000000004660        0x8
 .bss.asctime   0x0000000000004660        0x8 /opt/ps4sdk/libPS4/libPS4.a(libc.o)
                0x0000000000004660                asctime

.bss.rand       0x0000000000004668        0x8
 .bss.rand      0x0000000000004668        0x8 /opt/ps4sdk/libPS4/libPS4.a(libc.o)
                0x0000000000004668                rand

.bss.srand      0x0000000000004670        0x8
 .bss.srand     0x0000000000004670        0x8 /opt/ps4sdk/libPS4/libPS4.a(libc.o)
                0x0000000000004670                srand

.bss.ceil       0x0000000000004678        0x8
 .bss.ceil      0x0000000000004678        0x8 /opt/ps4sdk/libPS4/libPS4.a(libc.o)
                0x0000000000004678                ceil

.bss.bcopy      0x0000000000004680        0x8
 .bss.bcopy     0x0000000000004680        0x8 /opt/ps4sdk/libPS4/libPS4.a(libc.o)
                0x0000000000004680                bcopy

.bss._Stoul     0x0000000000004688        0x8
 .bss._Stoul    0x0000000000004688        0x8 /opt/ps4sdk/libPS4/libPS4.a(libc.o)
                0x0000000000004688                _Stoul

.bss._Getpctype
                0x0000000000004690        0x8
 .bss._Getpctype
                0x0000000000004690        0x8 /opt/ps4sdk/libPS4/libPS4.a(libc.o)
                0x0000000000004690                _Getpctype

.bss.strerror   0x0000000000004698        0x8
 .bss.strerror  0x0000000000004698        0x8 /opt/ps4sdk/libPS4/libPS4.a(libc.o)
                0x0000000000004698                strerror

.bss.strlcpy    0x00000000000046a0        0x8
 .bss.strlcpy   0x00000000000046a0        0x8 /opt/ps4sdk/libPS4/libPS4.a(libc.o)
                0x00000000000046a0                strlcpy

.bss.atof       0x00000000000046a8        0x8
 .bss.atof      0x00000000000046a8        0x8 /opt/ps4sdk/libPS4/libPS4.a(libc.o)
                0x00000000000046a8                atof

.bss.atoi       0x00000000000046b0        0x8
 .bss.atoi      0x00000000000046b0        0x8 /opt/ps4sdk/libPS4/libPS4.a(libc.o)
                0x00000000000046b0                atoi

.bss.isdigit    0x00000000000046b8        0x8
 .bss.isdigit   0x00000000000046b8        0x8 /opt/ps4sdk/libPS4/libPS4.a(libc.o)
                0x00000000000046b8                isdigit

.bss.rindex     0x00000000000046c0        0x8
 .bss.rindex    0x00000000000046c0        0x8 /opt/ps4sdk/libPS4/libPS4.a(libc.o)
                0x00000000000046c0                rindex

.bss.index      0x00000000000046c8        0x8
 .bss.index     0x00000000000046c8        0x8 /opt/ps4sdk/libPS4/libPS4.a(libc.o)
                0x00000000000046c8                index

.bss.strdup     0x00000000000046d0        0x8
 .bss.strdup    0x00000000000046d0        0x8 /opt/ps4sdk/libPS4/libPS4.a(libc.o)
                0x00000000000046d0                strdup

.bss.strstr     0x00000000000046d8        0x8
 .bss.strstr    0x00000000000046d8        0x8 /opt/ps4sdk/libPS4/libPS4.a(libc.o)
                0x00000000000046d8                strstr

.bss.strrchr    0x00000000000046e0        0x8
 .bss.strrchr   0x00000000000046e0        0x8 /opt/ps4sdk/libPS4/libPS4.a(libc.o)
                0x00000000000046e0                strrchr

.bss.strchr     0x00000000000046e8        0x8
 .bss.strchr    0x00000000000046e8        0x8 /opt/ps4sdk/libPS4/libPS4.a(libc.o)
                0x00000000000046e8                strchr

.bss.strtok     0x00000000000046f0        0x8
 .bss.strtok    0x00000000000046f0        0x8 /opt/ps4sdk/libPS4/libPS4.a(libc.o)
                0x00000000000046f0                strtok

.bss.strtol     0x00000000000046f8        0x8
 .bss.strtol    0x00000000000046f8        0x8 /opt/ps4sdk/libPS4/libPS4.a(libc.o)
                0x00000000000046f8                strtol

.bss.sscanf     0x0000000000004700        0x8
 .bss.sscanf    0x0000000000004700        0x8 /opt/ps4sdk/libPS4/libPS4.a(libc.o)
                0x0000000000004700                sscanf

.bss.snprintf_s
                0x0000000000004708        0x8
 .bss.snprintf_s
                0x0000000000004708        0x8 /opt/ps4sdk/libPS4/libPS4.a(libc.o)
                0x0000000000004708                snprintf_s

.bss.snprintf   0x0000000000004710        0x8
 .bss.snprintf  0x0000000000004710        0x8 /opt/ps4sdk/libPS4/libPS4.a(libc.o)
                0x0000000000004710                snprintf

.bss.sprintf    0x0000000000004718        0x8
 .bss.sprintf   0x0000000000004718        0x8 /opt/ps4sdk/libPS4/libPS4.a(libc.o)
                0x0000000000004718                sprintf

.bss.strncmp    0x0000000000004720        0x8
 .bss.strncmp   0x0000000000004720        0x8 /opt/ps4sdk/libPS4/libPS4.a(libc.o)
                0x0000000000004720                strncmp

.bss.strcmp     0x0000000000004728        0x8
 .bss.strcmp    0x0000000000004728        0x8 /opt/ps4sdk/libPS4/libPS4.a(libc.o)
                0x0000000000004728                strcmp

.bss.strlen     0x0000000000004730        0x8
 .bss.strlen    0x0000000000004730        0x8 /opt/ps4sdk/libPS4/libPS4.a(libc.o)
                0x0000000000004730                strlen

.bss.strncat    0x0000000000004738        0x8
 .bss.strncat   0x0000000000004738        0x8 /opt/ps4sdk/libPS4/libPS4.a(libc.o)
                0x0000000000004738                strncat

.bss.strcat     0x0000000000004740        0x8
 .bss.strcat    0x0000000000004740        0x8 /opt/ps4sdk/libPS4/libPS4.a(libc.o)
                0x0000000000004740                strcat

.bss.strncpy_s  0x0000000000004748        0x8
 .bss.strncpy_s
                0x0000000000004748        0x8 /opt/ps4sdk/libPS4/libPS4.a(libc.o)
                0x0000000000004748                strncpy_s

.bss.strncpy    0x0000000000004750        0x8
 .bss.strncpy   0x0000000000004750        0x8 /opt/ps4sdk/libPS4/libPS4.a(libc.o)
                0x0000000000004750                strncpy

.bss.strcpy     0x0000000000004758        0x8
 .bss.strcpy    0x0000000000004758        0x8 /opt/ps4sdk/libPS4/libPS4.a(libc.o)
                0x0000000000004758                strcpy

.bss.memmove_s  0x0000000000004760        0x8
 .bss.memmove_s
                0x0000000000004760        0x8 /opt/ps4sdk/libPS4/libPS4.a(libc.o)
                0x0000000000004760                memmove_s

.bss.memmove    0x0000000000004768        0x8
 .bss.memmove   0x0000000000004768        0x8 /opt/ps4sdk/libPS4/libPS4.a(libc.o)
                0x0000000000004768                memmove

.bss.memcmp     0x0000000000004770        0x8
 .bss.memcmp    0x0000000000004770        0x8 /opt/ps4sdk/libPS4/libPS4.a(libc.o)
                0x0000000000004770                memcmp

.bss.memcpy     0x0000000000004778        0x8
 .bss.memcpy    0x0000000000004778        0x8 /opt/ps4sdk/libPS4/libPS4.a(libc.o)
                0x0000000000004778                memcpy

.bss.memset     0x0000000000004780        0x8
 .bss.memset    0x0000000000004780        0x8 /opt/ps4sdk/libPS4/libPS4.a(libc.o)
                0x0000000000004780                memset

.bss.memalign   0x0000000000004788        0x8
 .bss.memalign  0x0000000000004788        0x8 /opt/ps4sdk/libPS4/libPS4.a(libc.o)
                0x0000000000004788                memalign

.bss.realloc    0x0000000000004790        0x8
 .bss.realloc   0x0000000000004790        0x8 /opt/ps4sdk/libPS4/libPS4.a(libc.o)
                0x0000000000004790                realloc

.bss.calloc     0x0000000000004798        0x8
 .bss.calloc    0x0000000000004798        0x8 /opt/ps4sdk/libPS4/libPS4.a(libc.o)
                0x0000000000004798                calloc

.bss.free       0x00000000000047a0        0x8
 .bss.free      0x00000000000047a0        0x8 /opt/ps4sdk/libPS4/libPS4.a(libc.o)
                0x00000000000047a0                free

.bss.malloc     0x00000000000047a8        0x8
 .bss.malloc    0x00000000000047a8        0x8 /opt/ps4sdk/libPS4/libPS4.a(libc.o)
                0x00000000000047a8                malloc

.bss.libc       0x00000000000047b0        0x4
 .bss.libc      0x00000000000047b0        0x4 /opt/ps4sdk/libPS4/libPS4.a(libc.o)
                0x00000000000047b0                libc

.bss.sceNetCtlGetInfo
                0x00000000000047b8        0x8
 .bss.sceNetCtlGetInfo
                0x00000000000047b8        0x8 /opt/ps4sdk/libPS4/libPS4.a(network.o)
                0x00000000000047b8                sceNetCtlGetInfo

.bss.sceNetCtlTerm
                0x00000000000047c0        0x8
 .bss.sceNetCtlTerm
                0x00000000000047c0        0x8 /opt/ps4sdk/libPS4/libPS4.a(network.o)
                0x00000000000047c0                sceNetCtlTerm

.bss.sceNetCtlInit
                0x00000000000047c8        0x8
 .bss.sceNetCtlInit
                0x00000000000047c8        0x8 /opt/ps4sdk/libPS4/libPS4.a(network.o)
                0x00000000000047c8                sceNetCtlInit

.bss.sceNetNtohs
                0x00000000000047d0        0x8
 .bss.sceNetNtohs
                0x00000000000047d0        0x8 /opt/ps4sdk/libPS4/libPS4.a(network.o)
                0x00000000000047d0                sceNetNtohs

.bss.sceNetNtohl
                0x00000000000047d8        0x8
 .bss.sceNetNtohl
                0x00000000000047d8        0x8 /opt/ps4sdk/libPS4/libPS4.a(network.o)
                0x00000000000047d8                sceNetNtohl

.bss.sceNetNtohll
                0x00000000000047e0        0x8
 .bss.sceNetNtohll
                0x00000000000047e0        0x8 /opt/ps4sdk/libPS4/libPS4.a(network.o)
                0x00000000000047e0                sceNetNtohll

.bss.sceNetHtons
                0x00000000000047e8        0x8
 .bss.sceNetHtons
                0x00000000000047e8        0x8 /opt/ps4sdk/libPS4/libPS4.a(network.o)
                0x00000000000047e8                sceNetHtons

.bss.sceNetHtonl
                0x00000000000047f0        0x8
 .bss.sceNetHtonl
                0x00000000000047f0        0x8 /opt/ps4sdk/libPS4/libPS4.a(network.o)
                0x00000000000047f0                sceNetHtonl

.bss.sceNetHtonll
                0x00000000000047f8        0x8
 .bss.sceNetHtonll
                0x00000000000047f8        0x8 /opt/ps4sdk/libPS4/libPS4.a(network.o)
                0x00000000000047f8                sceNetHtonll

.bss.sceNetInetPton
                0x0000000000004800        0x8
 .bss.sceNetInetPton
                0x0000000000004800        0x8 /opt/ps4sdk/libPS4/libPS4.a(network.o)
                0x0000000000004800                sceNetInetPton

.bss.sceNetInetNtop
                0x0000000000004808        0x8
 .bss.sceNetInetNtop
                0x0000000000004808        0x8 /opt/ps4sdk/libPS4/libPS4.a(network.o)
                0x0000000000004808                sceNetInetNtop

.bss.sceNetSetsockopt
                0x0000000000004810        0x8
 .bss.sceNetSetsockopt
                0x0000000000004810        0x8 /opt/ps4sdk/libPS4/libPS4.a(network.o)
                0x0000000000004810                sceNetSetsockopt

.bss.sceNetGetsockopt
                0x0000000000004818        0x8
 .bss.sceNetGetsockopt
                0x0000000000004818        0x8 /opt/ps4sdk/libPS4/libPS4.a(network.o)
                0x0000000000004818                sceNetGetsockopt

.bss.sceNetGetsockname
                0x0000000000004820        0x8
 .bss.sceNetGetsockname
                0x0000000000004820        0x8 /opt/ps4sdk/libPS4/libPS4.a(network.o)
                0x0000000000004820                sceNetGetsockname

.bss.sceNetSocketAbort
                0x0000000000004828        0x8
 .bss.sceNetSocketAbort
                0x0000000000004828        0x8 /opt/ps4sdk/libPS4/libPS4.a(network.o)
                0x0000000000004828                sceNetSocketAbort

.bss.sceNetRecv
                0x0000000000004830        0x8
 .bss.sceNetRecv
                0x0000000000004830        0x8 /opt/ps4sdk/libPS4/libPS4.a(network.o)
                0x0000000000004830                sceNetRecv

.bss.sceNetAccept
                0x0000000000004838        0x8
 .bss.sceNetAccept
                0x0000000000004838        0x8 /opt/ps4sdk/libPS4/libPS4.a(network.o)
                0x0000000000004838                sceNetAccept

.bss.sceNetListen
                0x0000000000004840        0x8
 .bss.sceNetListen
                0x0000000000004840        0x8 /opt/ps4sdk/libPS4/libPS4.a(network.o)
                0x0000000000004840                sceNetListen

.bss.sceNetBind
                0x0000000000004848        0x8
 .bss.sceNetBind
                0x0000000000004848        0x8 /opt/ps4sdk/libPS4/libPS4.a(network.o)
                0x0000000000004848                sceNetBind

.bss.sceNetSend
                0x0000000000004850        0x8
 .bss.sceNetSend
                0x0000000000004850        0x8 /opt/ps4sdk/libPS4/libPS4.a(network.o)
                0x0000000000004850                sceNetSend

.bss.sceNetConnect
                0x0000000000004858        0x8
 .bss.sceNetConnect
                0x0000000000004858        0x8 /opt/ps4sdk/libPS4/libPS4.a(network.o)
                0x0000000000004858                sceNetConnect

.bss.sceNetSocketClose
                0x0000000000004860        0x8
 .bss.sceNetSocketClose
                0x0000000000004860        0x8 /opt/ps4sdk/libPS4/libPS4.a(network.o)
                0x0000000000004860                sceNetSocketClose

.bss.sceNetSocket
                0x0000000000004868        0x8
 .bss.sceNetSocket
                0x0000000000004868        0x8 /opt/ps4sdk/libPS4/libPS4.a(network.o)
                0x0000000000004868                sceNetSocket

.bss.sceNetErrnoLoc
                0x0000000000004870        0x8
 .bss.sceNetErrnoLoc
                0x0000000000004870        0x8 /opt/ps4sdk/libPS4/libPS4.a(network.o)
                0x0000000000004870                sceNetErrnoLoc

.bss.libNetCtl  0x0000000000004878        0x4
 .bss.libNetCtl
                0x0000000000004878        0x4 /opt/ps4sdk/libPS4/libPS4.a(network.o)
                0x0000000000004878                libNetCtl

.bss.libNet     0x000000000000487c        0x4
 .bss.libNet    0x000000000000487c        0x4 /opt/ps4sdk/libPS4/libPS4.a(network.o)
                0x000000000000487c                libNet

.bss.scePthreadMutexUnlock
                0x0000000000004880        0x8
 .bss.scePthreadMutexUnlock
                0x0000000000004880        0x8 /opt/ps4sdk/libPS4/libPS4.a(pthread.o)
                0x0000000000004880                scePthreadMutexUnlock

.bss.scePthreadMutexTimedlock
                0x0000000000004888        0x8
 .bss.scePthreadMutexTimedlock
                0x0000000000004888        0x8 /opt/ps4sdk/libPS4/libPS4.a(pthread.o)
                0x0000000000004888                scePthreadMutexTimedlock

.bss.scePthreadMutexTrylock
                0x0000000000004890        0x8
 .bss.scePthreadMutexTrylock
                0x0000000000004890        0x8 /opt/ps4sdk/libPS4/libPS4.a(pthread.o)
                0x0000000000004890                scePthreadMutexTrylock

.bss.scePthreadMutexLock
                0x0000000000004898        0x8
 .bss.scePthreadMutexLock
                0x0000000000004898        0x8 /opt/ps4sdk/libPS4/libPS4.a(pthread.o)
                0x0000000000004898                scePthreadMutexLock

.bss.scePthreadMutexDestroy
                0x00000000000048a0        0x8
 .bss.scePthreadMutexDestroy
                0x00000000000048a0        0x8 /opt/ps4sdk/libPS4/libPS4.a(pthread.o)
                0x00000000000048a0                scePthreadMutexDestroy

.bss.scePthreadMutexInit
                0x00000000000048a8        0x8
 .bss.scePthreadMutexInit
                0x00000000000048a8        0x8 /opt/ps4sdk/libPS4/libPS4.a(pthread.o)
                0x00000000000048a8                scePthreadMutexInit

.bss.scePthreadCancel
                0x00000000000048b0        0x8
 .bss.scePthreadCancel
                0x00000000000048b0        0x8 /opt/ps4sdk/libPS4/libPS4.a(pthread.o)
                0x00000000000048b0                scePthreadCancel

.bss.scePthreadSelf
                0x00000000000048b8        0x8
 .bss.scePthreadSelf
                0x00000000000048b8        0x8 /opt/ps4sdk/libPS4/libPS4.a(pthread.o)
                0x00000000000048b8                scePthreadSelf

.bss.scePthreadYield
                0x00000000000048c0        0x8
 .bss.scePthreadYield
                0x00000000000048c0        0x8 /opt/ps4sdk/libPS4/libPS4.a(pthread.o)
                0x00000000000048c0                scePthreadYield

.bss.scePthreadJoin
                0x00000000000048c8        0x8
 .bss.scePthreadJoin
                0x00000000000048c8        0x8 /opt/ps4sdk/libPS4/libPS4.a(pthread.o)
                0x00000000000048c8                scePthreadJoin

.bss.scePthreadDetach
                0x00000000000048d0        0x8
 .bss.scePthreadDetach
                0x00000000000048d0        0x8 /opt/ps4sdk/libPS4/libPS4.a(pthread.o)
                0x00000000000048d0                scePthreadDetach

.bss.scePthreadExit
                0x00000000000048d8        0x8
 .bss.scePthreadExit
                0x00000000000048d8        0x8 /opt/ps4sdk/libPS4/libPS4.a(pthread.o)
                0x00000000000048d8                scePthreadExit

.bss.scePthreadCreate
                0x00000000000048e0        0x8
 .bss.scePthreadCreate
                0x00000000000048e0        0x8 /opt/ps4sdk/libPS4/libPS4.a(pthread.o)
                0x00000000000048e0                scePthreadCreate

.bss.libPthread
                0x00000000000048e8        0x4
 .bss.libPthread
                0x00000000000048e8        0x4 /opt/ps4sdk/libPS4/libPS4.a(pthread.o)
                0x00000000000048e8                libPthread

.bss.sceSystemServiceLaunchWebBrowser
                0x00000000000048f0        0x8
 .bss.sceSystemServiceLaunchWebBrowser
                0x00000000000048f0        0x8 /opt/ps4sdk/libPS4/libPS4.a(sysutil.o)
                0x00000000000048f0                sceSystemServiceLaunchWebBrowser

.bss.sceSysUtilSendSystemNotificationWithText
                0x00000000000048f8        0x8
 .bss.sceSysUtilSendSystemNotificationWithText
                0x00000000000048f8        0x8 /opt/ps4sdk/libPS4/libPS4.a(sysutil.o)
                0x00000000000048f8                sceSysUtilSendSystemNotificationWithText

.bss.libSceSystemService
                0x0000000000004900        0x4
 .bss.libSceSystemService
                0x0000000000004900        0x4 /opt/ps4sdk/libPS4/libPS4.a(sysutil.o)
                0x0000000000004900                libSceSystemService

.bss.sysUtilHandle
                0x0000000000004904        0x4
 .bss.sysUtilHandle
                0x0000000000004904        0x4 /opt/ps4sdk/libPS4/libPS4.a(sysutil.o)
                0x0000000000004904                sysUtilHandle

/DISCARD/
 *(.comment)
 *(.note.GNU-stack)
 *(.eh_frame)
 *(.interp)
LOAD /opt/ps4sdk/libPS4/libPS4.a
OUTPUT(temp.t elf64-x86-64)
