Archive member included to satisfy reference by file (symbol)

/opt/ps4sdk/libPS4/libPS4.a(file.o)
                              build/decryptio.o (read)
/opt/ps4sdk/libPS4/libPS4.a(kernel.o)
                              build/encryptsrv.o (ioctl)
/opt/ps4sdk/libPS4/libPS4.a(libc.o)
                              build/main.o (initLibc)
/opt/ps4sdk/libPS4/libPS4.a(memory.o)
                              build/kernel_utils.o (mmap)
/opt/ps4sdk/libPS4/libPS4.a(module.o)
                              /opt/ps4sdk/libPS4/libPS4.a(kernel.o) (getFunctionAddressByName)
/opt/ps4sdk/libPS4/libPS4.a(network.o)
                              build/main.o (initNetwork)
/opt/ps4sdk/libPS4/libPS4.a(pthread.o)
                              build/main.o (initPthread)
/opt/ps4sdk/libPS4/libPS4.a(sysutil.o)
                              build/main.o (initSysUtil)
/opt/ps4sdk/libPS4/libPS4.a(syscall.o)
                              /opt/ps4sdk/libPS4/libPS4.a(file.o) (syscall)

Merging program properties

Removed property 0xc0000002 to merge build/checkheaders.o (0x3) and /tmp/ccltaWfb.o (not found)
Removed property 0xc0000002 to merge build/checkheaders.o (not found) and build/decrypt.o (0x3)
Removed property 0xc0000002 to merge build/checkheaders.o (not found) and build/decryptio.o (0x3)
Removed property 0xc0000002 to merge build/checkheaders.o (not found) and build/encryptsrv.o (0x3)
Removed property 0xc0000002 to merge build/checkheaders.o (not found) and build/kernel_utils.o (0x3)
Removed property 0xc0000002 to merge build/checkheaders.o (not found) and build/main.o (0x3)
Removed property 0xc0000002 to merge build/checkheaders.o (not found) and /opt/ps4sdk/libPS4/libPS4.a(file.o) (0x3)
Removed property 0xc0000002 to merge build/checkheaders.o (not found) and /opt/ps4sdk/libPS4/libPS4.a(kernel.o) (0x3)
Removed property 0xc0000002 to merge build/checkheaders.o (not found) and /opt/ps4sdk/libPS4/libPS4.a(libc.o) (0x3)
Removed property 0xc0000002 to merge build/checkheaders.o (not found) and /opt/ps4sdk/libPS4/libPS4.a(memory.o) (0x3)
Removed property 0xc0000002 to merge build/checkheaders.o (not found) and /opt/ps4sdk/libPS4/libPS4.a(module.o) (0x3)
Removed property 0xc0000002 to merge build/checkheaders.o (not found) and /opt/ps4sdk/libPS4/libPS4.a(network.o) (0x3)
Removed property 0xc0000002 to merge build/checkheaders.o (not found) and /opt/ps4sdk/libPS4/libPS4.a(pthread.o) (0x3)
Removed property 0xc0000002 to merge build/checkheaders.o (not found) and /opt/ps4sdk/libPS4/libPS4.a(sysutil.o) (0x3)

Discarded input sections

 .data          0x0000000000000000        0x0 /tmp/ccltaWfb.o
 .bss           0x0000000000000000        0x0 /tmp/ccltaWfb.o
 .text          0x0000000000000000        0x0 build/checkheaders.o
 .data          0x0000000000000000        0x0 build/checkheaders.o
 .bss           0x0000000000000000        0x0 build/checkheaders.o
 .comment       0x0000000000000000       0x2c build/checkheaders.o
 .note.GNU-stack
                0x0000000000000000        0x0 build/checkheaders.o
 .note.gnu.property
                0x0000000000000000       0x20 build/checkheaders.o
 .text          0x0000000000000000        0x0 build/decrypt.o
 .data          0x0000000000000000        0x0 build/decrypt.o
 .bss           0x0000000000000000        0x0 build/decrypt.o
 .comment       0x0000000000000000       0x2c build/decrypt.o
 .note.GNU-stack
                0x0000000000000000        0x0 build/decrypt.o
 .note.gnu.property
                0x0000000000000000       0x20 build/decrypt.o
 .eh_frame      0x0000000000000000      0x240 build/decrypt.o
 .text          0x0000000000000000        0x0 build/decryptio.o
 .data          0x0000000000000000        0x0 build/decryptio.o
 .bss           0x0000000000000000        0x0 build/decryptio.o
 .comment       0x0000000000000000       0x2c build/decryptio.o
 .note.GNU-stack
                0x0000000000000000        0x0 build/decryptio.o
 .note.gnu.property
                0x0000000000000000       0x20 build/decryptio.o
 .eh_frame      0x0000000000000000       0xb0 build/decryptio.o
 .text          0x0000000000000000        0x0 build/encryptsrv.o
 .data          0x0000000000000000        0x0 build/encryptsrv.o
 .bss           0x0000000000000000        0x0 build/encryptsrv.o
 .comment       0x0000000000000000       0x2c build/encryptsrv.o
 .note.GNU-stack
                0x0000000000000000        0x0 build/encryptsrv.o
 .note.gnu.property
                0x0000000000000000       0x20 build/encryptsrv.o
 .eh_frame      0x0000000000000000      0x180 build/encryptsrv.o
 .text          0x0000000000000000        0x0 build/kernel_utils.o
 .data          0x0000000000000000        0x0 build/kernel_utils.o
 .bss           0x0000000000000000        0x0 build/kernel_utils.o
 .text.kpayload_get_kbase
                0x0000000000000000       0xa4 build/kernel_utils.o
 .text.kpayload_kernel_dumper
                0x0000000000000000       0x89 build/kernel_utils.o
 .text.get_kernel_base
                0x0000000000000000       0x7d build/kernel_utils.o
 .text.dump_kernel
                0x0000000000000000       0x31 build/kernel_utils.o
 .comment       0x0000000000000000       0x2c build/kernel_utils.o
 .note.GNU-stack
                0x0000000000000000        0x0 build/kernel_utils.o
 .note.gnu.property
                0x0000000000000000       0x20 build/kernel_utils.o
 .eh_frame      0x0000000000000000      0x128 build/kernel_utils.o
 .text          0x0000000000000000        0x0 build/main.o
 .data          0x0000000000000000        0x0 build/main.o
 .bss           0x0000000000000000        0x0 build/main.o
 .bss.sock      0x0000000000000000        0x4 build/main.o
 .comment       0x0000000000000000       0x2c build/main.o
 .note.GNU-stack
                0x0000000000000000        0x0 build/main.o
 .note.gnu.property
                0x0000000000000000       0x20 build/main.o
 .eh_frame      0x0000000000000000       0x58 build/main.o
 .data          0x0000000000000000        0x0 /opt/ps4sdk/libPS4/libPS4.a(file.o)
 .bss           0x0000000000000000        0x0 /opt/ps4sdk/libPS4/libPS4.a(file.o)
 .text.getSandboxDirectory
                0x0000000000000000       0x1b /opt/ps4sdk/libPS4/libPS4.a(file.o)
 .text.file_exists
                0x0000000000000000       0x23 /opt/ps4sdk/libPS4/libPS4.a(file.o)
 .text.dir_exists
                0x0000000000000000       0x28 /opt/ps4sdk/libPS4/libPS4.a(file.o)
 .text.symlink_exists
                0x0000000000000000       0x3a /opt/ps4sdk/libPS4/libPS4.a(file.o)
 .text.touch_file
                0x0000000000000000       0x23 /opt/ps4sdk/libPS4/libPS4.a(file.o)
 .text.copy_file
                0x0000000000000000       0x99 /opt/ps4sdk/libPS4/libPS4.a(file.o)
 .rodata.copy_dir.str1.1
                0x0000000000000000        0xb /opt/ps4sdk/libPS4/libPS4.a(file.o)
 .text.copy_dir
                0x0000000000000000      0x13f /opt/ps4sdk/libPS4/libPS4.a(file.o)
 .text.file_compare
                0x0000000000000000      0x176 /opt/ps4sdk/libPS4/libPS4.a(file.o)
 .text.rmtree   0x0000000000000000      0x158 /opt/ps4sdk/libPS4/libPS4.a(file.o)
 .text.fgetc_pointer
                0x0000000000000000       0x2c /opt/ps4sdk/libPS4/libPS4.a(file.o)
 .text.build_iovec
                0x0000000000000000       0xec /opt/ps4sdk/libPS4/libPS4.a(file.o)
 .rodata.mount_large_fs.str1.1
                0x0000000000000000       0x4b /opt/ps4sdk/libPS4/libPS4.a(file.o)
 .text.mount_large_fs
                0x0000000000000000      0x14e /opt/ps4sdk/libPS4/libPS4.a(file.o)
 .comment       0x0000000000000000       0x2c /opt/ps4sdk/libPS4/libPS4.a(file.o)
 .note.GNU-stack
                0x0000000000000000        0x0 /opt/ps4sdk/libPS4/libPS4.a(file.o)
 .note.gnu.property
                0x0000000000000000       0x20 /opt/ps4sdk/libPS4/libPS4.a(file.o)
 .eh_frame      0x0000000000000000      0x278 /opt/ps4sdk/libPS4/libPS4.a(file.o)
 .data          0x0000000000000000        0x0 /opt/ps4sdk/libPS4/libPS4.a(kernel.o)
 .bss           0x0000000000000000        0x0 /opt/ps4sdk/libPS4/libPS4.a(kernel.o)
 .comment       0x0000000000000000       0x2c /opt/ps4sdk/libPS4/libPS4.a(kernel.o)
 .note.GNU-stack
                0x0000000000000000        0x0 /opt/ps4sdk/libPS4/libPS4.a(kernel.o)
 .note.gnu.property
                0x0000000000000000       0x20 /opt/ps4sdk/libPS4/libPS4.a(kernel.o)
 .eh_frame      0x0000000000000000       0x50 /opt/ps4sdk/libPS4/libPS4.a(kernel.o)
 .text          0x0000000000000000        0x0 /opt/ps4sdk/libPS4/libPS4.a(libc.o)
 .data          0x0000000000000000        0x0 /opt/ps4sdk/libPS4/libPS4.a(libc.o)
 .bss           0x0000000000000000        0x0 /opt/ps4sdk/libPS4/libPS4.a(libc.o)
 .text.memset_s
                0x0000000000000000       0x51 /opt/ps4sdk/libPS4/libPS4.a(libc.o)
 .comment       0x0000000000000000       0x2c /opt/ps4sdk/libPS4/libPS4.a(libc.o)
 .note.GNU-stack
                0x0000000000000000        0x0 /opt/ps4sdk/libPS4/libPS4.a(libc.o)
 .note.gnu.property
                0x0000000000000000       0x20 /opt/ps4sdk/libPS4/libPS4.a(libc.o)
 .eh_frame      0x0000000000000000       0x68 /opt/ps4sdk/libPS4/libPS4.a(libc.o)
 .data          0x0000000000000000        0x0 /opt/ps4sdk/libPS4/libPS4.a(memory.o)
 .bss           0x0000000000000000        0x0 /opt/ps4sdk/libPS4/libPS4.a(memory.o)
 .comment       0x0000000000000000       0x2c /opt/ps4sdk/libPS4/libPS4.a(memory.o)
 .note.GNU-stack
                0x0000000000000000        0x0 /opt/ps4sdk/libPS4/libPS4.a(memory.o)
 .note.gnu.property
                0x0000000000000000       0x20 /opt/ps4sdk/libPS4/libPS4.a(memory.o)
 .data          0x0000000000000000        0x0 /opt/ps4sdk/libPS4/libPS4.a(module.o)
 .bss           0x0000000000000000        0x0 /opt/ps4sdk/libPS4/libPS4.a(module.o)
 .text.getModuleInfo
                0x0000000000000000       0x1f /opt/ps4sdk/libPS4/libPS4.a(module.o)
 .text.unloadModule
                0x0000000000000000       0x19 /opt/ps4sdk/libPS4/libPS4.a(module.o)
 .rodata.initModule.str1.1
                0x0000000000000000       0x2c /opt/ps4sdk/libPS4/libPS4.a(module.o)
 .text.initModule
                0x0000000000000000       0x47 /opt/ps4sdk/libPS4/libPS4.a(module.o)
 .bss.sceSysmoduleLoadModule
                0x0000000000000000        0x8 /opt/ps4sdk/libPS4/libPS4.a(module.o)
 .bss.libModule
                0x0000000000000000        0x4 /opt/ps4sdk/libPS4/libPS4.a(module.o)
 .comment       0x0000000000000000       0x2c /opt/ps4sdk/libPS4/libPS4.a(module.o)
 .note.GNU-stack
                0x0000000000000000        0x0 /opt/ps4sdk/libPS4/libPS4.a(module.o)
 .note.gnu.property
                0x0000000000000000       0x20 /opt/ps4sdk/libPS4/libPS4.a(module.o)
 .eh_frame      0x0000000000000000       0x80 /opt/ps4sdk/libPS4/libPS4.a(module.o)
 .text          0x0000000000000000        0x0 /opt/ps4sdk/libPS4/libPS4.a(network.o)
 .data          0x0000000000000000        0x0 /opt/ps4sdk/libPS4/libPS4.a(network.o)
 .bss           0x0000000000000000        0x0 /opt/ps4sdk/libPS4/libPS4.a(network.o)
 .text.SckConnect
                0x0000000000000000       0xa9 /opt/ps4sdk/libPS4/libPS4.a(network.o)
 .text.SckClose
                0x0000000000000000        0xd /opt/ps4sdk/libPS4/libPS4.a(network.o)
 .text.SckSend  0x0000000000000000       0x15 /opt/ps4sdk/libPS4/libPS4.a(network.o)
 .text.SckRecv  0x0000000000000000       0xce /opt/ps4sdk/libPS4/libPS4.a(network.o)
 .text.SckRecvf
                0x0000000000000000       0x7b /opt/ps4sdk/libPS4/libPS4.a(network.o)
 .comment       0x0000000000000000       0x2c /opt/ps4sdk/libPS4/libPS4.a(network.o)
 .note.GNU-stack
                0x0000000000000000        0x0 /opt/ps4sdk/libPS4/libPS4.a(network.o)
 .note.gnu.property
                0x0000000000000000       0x20 /opt/ps4sdk/libPS4/libPS4.a(network.o)
 .eh_frame      0x0000000000000000      0x118 /opt/ps4sdk/libPS4/libPS4.a(network.o)
 .text          0x0000000000000000        0x0 /opt/ps4sdk/libPS4/libPS4.a(pthread.o)
 .data          0x0000000000000000        0x0 /opt/ps4sdk/libPS4/libPS4.a(pthread.o)
 .bss           0x0000000000000000        0x0 /opt/ps4sdk/libPS4/libPS4.a(pthread.o)
 .comment       0x0000000000000000       0x2c /opt/ps4sdk/libPS4/libPS4.a(pthread.o)
 .note.GNU-stack
                0x0000000000000000        0x0 /opt/ps4sdk/libPS4/libPS4.a(pthread.o)
 .note.gnu.property
                0x0000000000000000       0x20 /opt/ps4sdk/libPS4/libPS4.a(pthread.o)
 .eh_frame      0x0000000000000000       0x48 /opt/ps4sdk/libPS4/libPS4.a(pthread.o)
 .text          0x0000000000000000        0x0 /opt/ps4sdk/libPS4/libPS4.a(sysutil.o)
 .data          0x0000000000000000        0x0 /opt/ps4sdk/libPS4/libPS4.a(sysutil.o)
 .bss           0x0000000000000000        0x0 /opt/ps4sdk/libPS4/libPS4.a(sysutil.o)
 .rodata.initUserService.str1.1
                0x0000000000000000       0xb3 /opt/ps4sdk/libPS4/libPS4.a(sysutil.o)
 .text.initUserService
                0x0000000000000000       0x9f /opt/ps4sdk/libPS4/libPS4.a(sysutil.o)
 .text.openBrowser
                0x0000000000000000       0x12 /opt/ps4sdk/libPS4/libPS4.a(sysutil.o)
 .text.getUserIDList
                0x0000000000000000       0x47 /opt/ps4sdk/libPS4/libPS4.a(sysutil.o)
 .text.getUserID
                0x0000000000000000       0x18 /opt/ps4sdk/libPS4/libPS4.a(sysutil.o)
 .text.getUserName
                0x0000000000000000       0x8d /opt/ps4sdk/libPS4/libPS4.a(sysutil.o)
 .text.getInitialUser
                0x0000000000000000       0x45 /opt/ps4sdk/libPS4/libPS4.a(sysutil.o)
 .rodata.shutdown.str1.1
                0x0000000000000000       0x11 /opt/ps4sdk/libPS4/libPS4.a(sysutil.o)
 .text.shutdown
                0x0000000000000000       0x54 /opt/ps4sdk/libPS4/libPS4.a(sysutil.o)
 .rodata.reboot.str1.1
                0x0000000000000000       0x32 /opt/ps4sdk/libPS4/libPS4.a(sysutil.o)
 .text.reboot   0x0000000000000000       0x41 /opt/ps4sdk/libPS4/libPS4.a(sysutil.o)
 .bss.sceKernelReboot
                0x0000000000000000        0x8 /opt/ps4sdk/libPS4/libPS4.a(sysutil.o)
 .bss.sceUserServiceTerminate
                0x0000000000000000        0x8 /opt/ps4sdk/libPS4/libPS4.a(sysutil.o)
 .bss.sceUserServiceGetInitialUser
                0x0000000000000000        0x8 /opt/ps4sdk/libPS4/libPS4.a(sysutil.o)
 .bss.sceUserServiceGetUserName
                0x0000000000000000        0x8 /opt/ps4sdk/libPS4/libPS4.a(sysutil.o)
 .bss.sceUserServiceGetLoginUserIdList
                0x0000000000000000        0x8 /opt/ps4sdk/libPS4/libPS4.a(sysutil.o)
 .bss.sceUserServiceInitialize
                0x0000000000000000        0x8 /opt/ps4sdk/libPS4/libPS4.a(sysutil.o)
 .bss.libSceUserService
                0x0000000000000000        0x4 /opt/ps4sdk/libPS4/libPS4.a(sysutil.o)
 .comment       0x0000000000000000       0x2c /opt/ps4sdk/libPS4/libPS4.a(sysutil.o)
 .note.GNU-stack
                0x0000000000000000        0x0 /opt/ps4sdk/libPS4/libPS4.a(sysutil.o)
 .note.gnu.property
                0x0000000000000000       0x20 /opt/ps4sdk/libPS4/libPS4.a(sysutil.o)
 .eh_frame      0x0000000000000000      0x120 /opt/ps4sdk/libPS4/libPS4.a(sysutil.o)
 .data          0x0000000000000000        0x0 /opt/ps4sdk/libPS4/libPS4.a(syscall.o)
 .bss           0x0000000000000000        0x0 /opt/ps4sdk/libPS4/libPS4.a(syscall.o)

Memory Configuration

Name             Origin             Length             Attributes
*default*        0x0000000000000000 0xffffffffffffffff

Linker script and memory map

LOAD /tmp/ccltaWfb.o
LOAD build/checkheaders.o
LOAD build/decrypt.o
LOAD build/decryptio.o
LOAD build/encryptsrv.o
LOAD build/kernel_utils.o
LOAD build/main.o

.text           0x0000000000000000     0x2f58
 *(.text.start)
 *(.text*)
 .text          0x0000000000000000        0x5 /tmp/ccltaWfb.o
                0x0000000000000000                _start
 .text.verify_segment
                0x0000000000000005       0xb0 build/decrypt.o
                0x0000000000000005                verify_segment
 .text.verify_segments
                0x00000000000000b5       0xc8 build/decrypt.o
                0x00000000000000b5                verify_segments
 .text.decrypt_segment
                0x000000000000017d      0x168 build/decrypt.o
                0x000000000000017d                decrypt_segment
 .text.decrypt_segment_blocks
                0x00000000000002e5      0x43c build/decrypt.o
                0x00000000000002e5                decrypt_segment_blocks
 .text.find_table_segment
                0x0000000000000721       0x66 build/decrypt.o
                0x0000000000000721                find_table_segment
 .text.decrypt_pup_data
                0x0000000000000787      0x275 build/decrypt.o
                0x0000000000000787                decrypt_pup_data
 .text.decrypt_pup
                0x00000000000009fc       0xfe build/decrypt.o
                0x00000000000009fc                decrypt_pup
 .text.decrypt_pups
                0x0000000000000afa      0x2f4 build/decrypt.o
                0x0000000000000afa                decrypt_pups
 .text.readbytes
                0x0000000000000dee      0x141 build/decryptio.o
                0x0000000000000dee                readbytes
 .text.writebytes
                0x0000000000000f2f      0x141 build/decryptio.o
                0x0000000000000f2f                writebytes
 .text.translate_type
                0x0000000000001070       0x29 build/encryptsrv.o
                0x0000000000001070                translate_type
 .text.encsrv_verify_blsheader
                0x0000000000001099       0x5b build/encryptsrv.o
                0x0000000000001099                encsrv_verify_blsheader
 .text.encsrv_decrypt_header
                0x00000000000010f4       0x62 build/encryptsrv.o
                0x00000000000010f4                encsrv_decrypt_header
 .text.encsrv_verify_segment
                0x0000000000001156       0x6b build/encryptsrv.o
                0x0000000000001156                encsrv_verify_segment
 .text.encsrv_decrypt_segment
                0x00000000000011c1       0x5c build/encryptsrv.o
                0x00000000000011c1                encsrv_decrypt_segment
 .text.encsrv_decrypt_segment_block
                0x000000000000121d       0x85 build/encryptsrv.o
                0x000000000000121d                encsrv_decrypt_segment_block
 .text.kpayload_get_fw_version
                0x00000000000012a2      0x879 build/kernel_utils.o
                0x00000000000012a2                kpayload_get_fw_version
 .text.kpayload_jailbreak
                0x0000000000001b1b      0x36c build/kernel_utils.o
                0x0000000000001b1b                kpayload_jailbreak
 .text.get_fw_version
                0x0000000000001e87       0x6f build/kernel_utils.o
                0x0000000000001e87                get_fw_version
 .text.jailbreak
                0x0000000000001ef6       0x25 build/kernel_utils.o
                0x0000000000001ef6                jailbreak
 .text.GetElapsed
                0x0000000000001f1b       0x31 build/main.o
                0x0000000000001f1b                GetElapsed
 .text._main    0x0000000000001f4c       0x9e build/main.o
                0x0000000000001f4c                _main
 .text          0x0000000000001fea      0x108 /opt/ps4sdk/libPS4/libPS4.a(file.o)
                0x0000000000001fea                read
                0x0000000000001ff6                write
                0x0000000000002002                open
                0x000000000000200e                close
                0x000000000000201a                unlink
                0x0000000000002026                link
                0x0000000000002032                readlink
                0x000000000000203e                symlink
                0x000000000000204a                mount
                0x0000000000002056                nmount
                0x0000000000002062                unmount
                0x000000000000206e                fchown
                0x000000000000207a                fchmod
                0x0000000000002086                rename
                0x0000000000002092                mkdir
                0x000000000000209e                rmdir
                0x00000000000020aa                stat
                0x00000000000020b6                fstat
                0x00000000000020c2                lstat
                0x00000000000020ce                getdents
                0x00000000000020da                lseek
                0x00000000000020e6                fstatat
 .text          0x00000000000020f2       0x24 /opt/ps4sdk/libPS4/libPS4.a(kernel.o)
                0x00000000000020f2                kill
                0x00000000000020fe                ioctl
                0x000000000000210a                kexec
 .text.initKernel
                0x0000000000002116      0x394 /opt/ps4sdk/libPS4/libPS4.a(kernel.o)
                0x0000000000002116                initKernel
 .text.initLibc
                0x00000000000024aa      0x5d1 /opt/ps4sdk/libPS4/libPS4.a(libc.o)
                0x00000000000024aa                initLibc
 .text          0x0000000000002a7b       0x60 /opt/ps4sdk/libPS4/libPS4.a(memory.o)
                0x0000000000002a7b                mmap
                0x0000000000002a87                munmap
                0x0000000000002a93                mprotect
                0x0000000000002a9f                msync
                0x0000000000002aab                mlock
                0x0000000000002ab7                munlock
                0x0000000000002ac3                getMemoryInfo
                0x0000000000002acf                getOtherMemoryInfo
 .text          0x0000000000002adb       0x18 /opt/ps4sdk/libPS4/libPS4.a(module.o)
                0x0000000000002adb                getFunctionAddressByName
                0x0000000000002ae7                getLoadedModules
 .text.loadModule
                0x0000000000002af3       0x1e /opt/ps4sdk/libPS4/libPS4.a(module.o)
                0x0000000000002af3                loadModule
 .text.initNetwork
                0x0000000000002b11      0x258 /opt/ps4sdk/libPS4/libPS4.a(network.o)
                0x0000000000002b11                initNetwork
 .text.initPthread
                0x0000000000002d69      0x13b /opt/ps4sdk/libPS4/libPS4.a(pthread.o)
                0x0000000000002d69                initPthread
 .text.initSysUtil
                0x0000000000002ea4       0x86 /opt/ps4sdk/libPS4/libPS4.a(sysutil.o)
                0x0000000000002ea4                initSysUtil
 .text          0x0000000000002f2a       0x2e /opt/ps4sdk/libPS4/libPS4.a(syscall.o)
                0x0000000000002f2a                syscall
                0x0000000000002f2d                syscall_macro

.plt            0x0000000000002f60       0x30
 .plt           0x0000000000002f60       0x30 /tmp/ccltaWfb.o

.plt.got        0x0000000000002f90        0x0
 .plt.got       0x0000000000002f90        0x0 /tmp/ccltaWfb.o

.rodata         0x0000000000002f90      0xfee
 *(.rodata)
 *(.rodata*)
 .rodata.verify_segment.str1.1
                0x0000000000002f90       0x50 build/decrypt.o
 .rodata.verify_segments.str1.1
                0x0000000000002fe0       0x46 build/decrypt.o
 .rodata.decrypt_segment.str1.1
                0x0000000000003026       0x6c build/decrypt.o
 .rodata.decrypt_segment_blocks.str1.1
                0x0000000000003092      0x1cf build/decrypt.o
 .rodata.find_table_segment.str1.1
                0x0000000000003261       0x20 build/decrypt.o
 .rodata.decrypt_pup_data.str1.1
                0x0000000000003281      0x19e build/decrypt.o
 .rodata.decrypt_pup.str1.1
                0x000000000000341f       0x8e build/decrypt.o
 .rodata.decrypt_pups.str1.1
                0x00000000000034ad      0x14e build/decrypt.o
                                        0x151 (size before relaxing)
 *fill*         0x00000000000035fb        0x1 
 .rodata.cst4   0x00000000000035fc        0x4 build/decrypt.o
 .rodata.readbytes.str1.1
                0x0000000000003600       0xba build/decryptio.o
 .rodata.writebytes.str1.1
                0x00000000000036ba       0xbf build/decryptio.o
 .rodata._main.str1.1
                0x0000000000003779       0x35 build/main.o
                                         0x63 (size before relaxing)
 .rodata.initKernel.str1.1
                0x00000000000037ae      0x2d4 /opt/ps4sdk/libPS4/libPS4.a(kernel.o)
 .rodata.initLibc.str1.1
                0x0000000000003a82      0x1f8 /opt/ps4sdk/libPS4/libPS4.a(libc.o)
                                        0x216 (size before relaxing)
 .rodata.initNetwork.str1.1
                0x0000000000003c7a      0x173 /opt/ps4sdk/libPS4/libPS4.a(network.o)
 .rodata.initPthread.str1.1
                0x0000000000003ded       0xf5 /opt/ps4sdk/libPS4/libPS4.a(pthread.o)
 .rodata.initSysUtil.str1.1
                0x0000000000003ee2       0x9c /opt/ps4sdk/libPS4/libPS4.a(sysutil.o)

.gnu.version_d  0x0000000000003f80        0x0
 .gnu.version_d
                0x0000000000003f80        0x0 /tmp/ccltaWfb.o

.gnu.version    0x0000000000003f7e        0x0
 .gnu.version   0x0000000000003f7e        0x0 /tmp/ccltaWfb.o

.gnu.version_r  0x0000000000003f80        0x0
 .gnu.version_r
                0x0000000000003f80        0x0 /tmp/ccltaWfb.o

.dynsym         0x0000000000003f80       0x18
 .dynsym        0x0000000000003f80       0x18 /tmp/ccltaWfb.o

.dynstr         0x0000000000003f98        0x1
 .dynstr        0x0000000000003f98        0x1 /tmp/ccltaWfb.o

.gnu.hash       0x0000000000003fa0       0x1c
 .gnu.hash      0x0000000000003fa0       0x1c /tmp/ccltaWfb.o

.eh_frame_hdr   0x0000000000003fbc        0x0
 .eh_frame_hdr  0x0000000000003fbc        0x0 build/decrypt.o

.rela.dyn       0x0000000000003fc0       0x30
 .rela.plt      0x0000000000003fc0       0x30 /tmp/ccltaWfb.o
 .rela.got      0x0000000000003ff0        0x0 /tmp/ccltaWfb.o
 .rela.bss      0x0000000000003ff0        0x0 /tmp/ccltaWfb.o
 .rela.data.rel.ro
                0x0000000000003ff0        0x0 /tmp/ccltaWfb.o
 .rela.ifunc    0x0000000000003ff0        0x0 /tmp/ccltaWfb.o

.data
 *(.data)

.dynamic        0x0000000000003ff0      0x120
 .dynamic       0x0000000000003ff0      0x120 /tmp/ccltaWfb.o
                0x0000000000003ff0                _DYNAMIC

.got            0x0000000000004110        0x0
 .got           0x0000000000004110        0x0 /tmp/ccltaWfb.o

.got.plt        0x0000000000004110       0x28
 .got.plt       0x0000000000004110       0x28 /tmp/ccltaWfb.o
                0x0000000000004110                _GLOBAL_OFFSET_TABLE_

.data.rel.ro    0x0000000000004138        0x0
 .data.rel.ro   0x0000000000004138        0x0 /tmp/ccltaWfb.o

.bss
 *(.bss)

.dynbss         0x0000000000004138        0x0
 .dynbss        0x0000000000004138        0x0 /tmp/ccltaWfb.o

.bss.prevtime   0x0000000000004138        0x8
 .bss.prevtime  0x0000000000004138        0x8 build/main.o
                0x0000000000004138                prevtime

.bss.sceKernelGetCpuTemperature
                0x0000000000004140        0x8
 .bss.sceKernelGetCpuTemperature
                0x0000000000004140        0x8 /opt/ps4sdk/libPS4/libPS4.a(kernel.o)
                0x0000000000004140                sceKernelGetCpuTemperature

.bss.sceKernelGetSystemSwVersion
                0x0000000000004148        0x8
 .bss.sceKernelGetSystemSwVersion
                0x0000000000004148        0x8 /opt/ps4sdk/libPS4/libPS4.a(kernel.o)
                0x0000000000004148                sceKernelGetSystemSwVersion

.bss.sceKernelGetFsSandboxRandomWord
                0x0000000000004150        0x8
 .bss.sceKernelGetFsSandboxRandomWord
                0x0000000000004150        0x8 /opt/ps4sdk/libPS4/libPS4.a(kernel.o)
                0x0000000000004150                sceKernelGetFsSandboxRandomWord

.bss.sceKernelSendNotificationRequest
                0x0000000000004158        0x8
 .bss.sceKernelSendNotificationRequest
                0x0000000000004158        0x8 /opt/ps4sdk/libPS4/libPS4.a(kernel.o)
                0x0000000000004158                sceKernelSendNotificationRequest

.bss.setregid   0x0000000000004160        0x8
 .bss.setregid  0x0000000000004160        0x8 /opt/ps4sdk/libPS4/libPS4.a(kernel.o)
                0x0000000000004160                setregid

.bss.setreuid   0x0000000000004168        0x8
 .bss.setreuid  0x0000000000004168        0x8 /opt/ps4sdk/libPS4/libPS4.a(kernel.o)
                0x0000000000004168                setreuid

.bss.setgid     0x0000000000004170        0x8
 .bss.setgid    0x0000000000004170        0x8 /opt/ps4sdk/libPS4/libPS4.a(kernel.o)
                0x0000000000004170                setgid

.bss.setuid     0x0000000000004178        0x8
 .bss.setuid    0x0000000000004178        0x8 /opt/ps4sdk/libPS4/libPS4.a(kernel.o)
                0x0000000000004178                setuid

.bss.getpid     0x0000000000004180        0x8
 .bss.getpid    0x0000000000004180        0x8 /opt/ps4sdk/libPS4/libPS4.a(kernel.o)
                0x0000000000004180                getpid

.bss.getgid     0x0000000000004188        0x8
 .bss.getgid    0x0000000000004188        0x8 /opt/ps4sdk/libPS4/libPS4.a(kernel.o)
                0x0000000000004188                getgid

.bss.getuid     0x0000000000004190        0x8
 .bss.getuid    0x0000000000004190        0x8 /opt/ps4sdk/libPS4/libPS4.a(kernel.o)
                0x0000000000004190                getuid

.bss.sceKernelAddReadEvent
                0x0000000000004198        0x8
 .bss.sceKernelAddReadEvent
                0x0000000000004198        0x8 /opt/ps4sdk/libPS4/libPS4.a(kernel.o)
                0x0000000000004198                sceKernelAddReadEvent

.bss.sceKernelAddUserEvent
                0x00000000000041a0        0x8
 .bss.sceKernelAddUserEvent
                0x00000000000041a0        0x8 /opt/ps4sdk/libPS4/libPS4.a(kernel.o)
                0x00000000000041a0                sceKernelAddUserEvent

.bss.sceKernelDeleteEqueue
                0x00000000000041a8        0x8
 .bss.sceKernelDeleteEqueue
                0x00000000000041a8        0x8 /opt/ps4sdk/libPS4/libPS4.a(kernel.o)
                0x00000000000041a8                sceKernelDeleteEqueue

.bss.sceKernelCreateEqueue
                0x00000000000041b0        0x8
 .bss.sceKernelCreateEqueue
                0x00000000000041b0        0x8 /opt/ps4sdk/libPS4/libPS4.a(kernel.o)
                0x00000000000041b0                sceKernelCreateEqueue

.bss.pthread_setaffinity_np
                0x00000000000041b8        0x8
 .bss.pthread_setaffinity_np
                0x00000000000041b8        0x8 /opt/ps4sdk/libPS4/libPS4.a(kernel.o)
                0x00000000000041b8                pthread_setaffinity_np

.bss.pthread_self
                0x00000000000041c0        0x8
 .bss.pthread_self
                0x00000000000041c0        0x8 /opt/ps4sdk/libPS4/libPS4.a(kernel.o)
                0x00000000000041c0                pthread_self

.bss.execve     0x00000000000041c8        0x8
 .bss.execve    0x00000000000041c8        0x8 /opt/ps4sdk/libPS4/libPS4.a(kernel.o)
                0x00000000000041c8                execve

.bss.sysarch    0x00000000000041d0        0x8
 .bss.sysarch   0x00000000000041d0        0x8 /opt/ps4sdk/libPS4/libPS4.a(kernel.o)
                0x00000000000041d0                sysarch

.bss.sysctlbyname
                0x00000000000041d8        0x8
 .bss.sysctlbyname
                0x00000000000041d8        0x8 /opt/ps4sdk/libPS4/libPS4.a(kernel.o)
                0x00000000000041d8                sysctlbyname

.bss.sysctl     0x00000000000041e0        0x8
 .bss.sysctl    0x00000000000041e0        0x8 /opt/ps4sdk/libPS4/libPS4.a(kernel.o)
                0x00000000000041e0                sysctl

.bss.sceKernelGetCurrentCpu
                0x00000000000041e8        0x8
 .bss.sceKernelGetCurrentCpu
                0x00000000000041e8        0x8 /opt/ps4sdk/libPS4/libPS4.a(kernel.o)
                0x00000000000041e8                sceKernelGetCurrentCpu

.bss.sceKernelGetProcessTime
                0x00000000000041f0        0x8
 .bss.sceKernelGetProcessTime
                0x00000000000041f0        0x8 /opt/ps4sdk/libPS4/libPS4.a(kernel.o)
                0x00000000000041f0                sceKernelGetProcessTime

.bss.sceKernelGettimeofday
                0x00000000000041f8        0x8
 .bss.sceKernelGettimeofday
                0x00000000000041f8        0x8 /opt/ps4sdk/libPS4/libPS4.a(kernel.o)
                0x00000000000041f8                sceKernelGettimeofday

.bss.sceKernelUsleep
                0x0000000000004200        0x8
 .bss.sceKernelUsleep
                0x0000000000004200        0x8 /opt/ps4sdk/libPS4/libPS4.a(kernel.o)
                0x0000000000004200                sceKernelUsleep

.bss.sceKernelSleep
                0x0000000000004208        0x8
 .bss.sceKernelSleep
                0x0000000000004208        0x8 /opt/ps4sdk/libPS4/libPS4.a(kernel.o)
                0x0000000000004208                sceKernelSleep

.bss.sceKernelClose
                0x0000000000004210        0x8
 .bss.sceKernelClose
                0x0000000000004210        0x8 /opt/ps4sdk/libPS4/libPS4.a(kernel.o)
                0x0000000000004210                sceKernelClose

.bss.sceKernelLseek
                0x0000000000004218        0x8
 .bss.sceKernelLseek
                0x0000000000004218        0x8 /opt/ps4sdk/libPS4/libPS4.a(kernel.o)
                0x0000000000004218                sceKernelLseek

.bss.sceKernelRead
                0x0000000000004220        0x8
 .bss.sceKernelRead
                0x0000000000004220        0x8 /opt/ps4sdk/libPS4/libPS4.a(kernel.o)
                0x0000000000004220                sceKernelRead

.bss.sceKernelOpen
                0x0000000000004228        0x8
 .bss.sceKernelOpen
                0x0000000000004228        0x8 /opt/ps4sdk/libPS4/libPS4.a(kernel.o)
                0x0000000000004228                sceKernelOpen

.bss.sceKernelStat
                0x0000000000004230        0x8
 .bss.sceKernelStat
                0x0000000000004230        0x8 /opt/ps4sdk/libPS4/libPS4.a(kernel.o)
                0x0000000000004230                sceKernelStat

.bss.sceKernelGetDirectMemorySize
                0x0000000000004238        0x8
 .bss.sceKernelGetDirectMemorySize
                0x0000000000004238        0x8 /opt/ps4sdk/libPS4/libPS4.a(kernel.o)
                0x0000000000004238                sceKernelGetDirectMemorySize

.bss.sceKernelMapDirectMemory
                0x0000000000004240        0x8
 .bss.sceKernelMapDirectMemory
                0x0000000000004240        0x8 /opt/ps4sdk/libPS4/libPS4.a(kernel.o)
                0x0000000000004240                sceKernelMapDirectMemory

.bss.sceKernelAllocateDirectMemory
                0x0000000000004248        0x8
 .bss.sceKernelAllocateDirectMemory
                0x0000000000004248        0x8 /opt/ps4sdk/libPS4/libPS4.a(kernel.o)
                0x0000000000004248                sceKernelAllocateDirectMemory

.bss.sceKernelLoadStartModule
                0x0000000000004250        0x8
 .bss.sceKernelLoadStartModule
                0x0000000000004250        0x8 /opt/ps4sdk/libPS4/libPS4.a(kernel.o)
                0x0000000000004250                sceKernelLoadStartModule

.bss.sceKernelError
                0x0000000000004258        0x8
 .bss.sceKernelError
                0x0000000000004258        0x8 /opt/ps4sdk/libPS4/libPS4.a(kernel.o)
                0x0000000000004258                sceKernelError

.bss.__error    0x0000000000004260        0x8
 .bss.__error   0x0000000000004260        0x8 /opt/ps4sdk/libPS4/libPS4.a(kernel.o)
                0x0000000000004260                __error

.bss.__stack_chk_fail
                0x0000000000004268        0x8
 .bss.__stack_chk_fail
                0x0000000000004268        0x8 /opt/ps4sdk/libPS4/libPS4.a(kernel.o)
                0x0000000000004268                __stack_chk_fail

.bss.__stack_chk_guard
                0x0000000000004270        0x8
 .bss.__stack_chk_guard
                0x0000000000004270        0x8 /opt/ps4sdk/libPS4/libPS4.a(kernel.o)
                0x0000000000004270                __stack_chk_guard

.bss.libKernelHandle
                0x0000000000004278        0x4
 .bss.libKernelHandle
                0x0000000000004278        0x4 /opt/ps4sdk/libPS4/libPS4.a(kernel.o)
                0x0000000000004278                libKernelHandle

.bss.fprintf    0x0000000000004280        0x8
 .bss.fprintf   0x0000000000004280        0x8 /opt/ps4sdk/libPS4/libPS4.a(libc.o)
                0x0000000000004280                fprintf

.bss.fclose     0x0000000000004288        0x8
 .bss.fclose    0x0000000000004288        0x8 /opt/ps4sdk/libPS4/libPS4.a(libc.o)
                0x0000000000004288                fclose

.bss.ftell      0x0000000000004290        0x8
 .bss.ftell     0x0000000000004290        0x8 /opt/ps4sdk/libPS4/libPS4.a(libc.o)
                0x0000000000004290                ftell

.bss.fseek      0x0000000000004298        0x8
 .bss.fseek     0x0000000000004298        0x8 /opt/ps4sdk/libPS4/libPS4.a(libc.o)
                0x0000000000004298                fseek

.bss.fwrite     0x00000000000042a0        0x8
 .bss.fwrite    0x00000000000042a0        0x8 /opt/ps4sdk/libPS4/libPS4.a(libc.o)
                0x00000000000042a0                fwrite

.bss.fread      0x00000000000042a8        0x8
 .bss.fread     0x00000000000042a8        0x8 /opt/ps4sdk/libPS4/libPS4.a(libc.o)
                0x00000000000042a8                fread

.bss.fopen      0x00000000000042b0        0x8
 .bss.fopen     0x00000000000042b0        0x8 /opt/ps4sdk/libPS4/libPS4.a(libc.o)
                0x00000000000042b0                fopen

.bss.getprogname
                0x00000000000042b8        0x8
 .bss.getprogname
                0x00000000000042b8        0x8 /opt/ps4sdk/libPS4/libPS4.a(libc.o)
                0x00000000000042b8                getprogname

.bss.dirfd      0x00000000000042c0        0x8
 .bss.dirfd     0x00000000000042c0        0x8 /opt/ps4sdk/libPS4/libPS4.a(libc.o)
                0x00000000000042c0                dirfd

.bss.closedir   0x00000000000042c8        0x8
 .bss.closedir  0x00000000000042c8        0x8 /opt/ps4sdk/libPS4/libPS4.a(libc.o)
                0x00000000000042c8                closedir

.bss.rewinddir  0x00000000000042d0        0x8
 .bss.rewinddir
                0x00000000000042d0        0x8 /opt/ps4sdk/libPS4/libPS4.a(libc.o)
                0x00000000000042d0                rewinddir

.bss.seekdir    0x00000000000042d8        0x8
 .bss.seekdir   0x00000000000042d8        0x8 /opt/ps4sdk/libPS4/libPS4.a(libc.o)
                0x00000000000042d8                seekdir

.bss.telldir    0x00000000000042e0        0x8
 .bss.telldir   0x00000000000042e0        0x8 /opt/ps4sdk/libPS4/libPS4.a(libc.o)
                0x00000000000042e0                telldir

.bss.readdir_r  0x00000000000042e8        0x8
 .bss.readdir_r
                0x00000000000042e8        0x8 /opt/ps4sdk/libPS4/libPS4.a(libc.o)
                0x00000000000042e8                readdir_r

.bss.readdir    0x00000000000042f0        0x8
 .bss.readdir   0x00000000000042f0        0x8 /opt/ps4sdk/libPS4/libPS4.a(libc.o)
                0x00000000000042f0                readdir

.bss.opendir    0x00000000000042f8        0x8
 .bss.opendir   0x00000000000042f8        0x8 /opt/ps4sdk/libPS4/libPS4.a(libc.o)
                0x00000000000042f8                opendir

.bss.mktime     0x0000000000004300        0x8
 .bss.mktime    0x0000000000004300        0x8 /opt/ps4sdk/libPS4/libPS4.a(libc.o)
                0x0000000000004300                mktime

.bss.localtime_r
                0x0000000000004308        0x8
 .bss.localtime_r
                0x0000000000004308        0x8 /opt/ps4sdk/libPS4/libPS4.a(libc.o)
                0x0000000000004308                localtime_r

.bss.localtime  0x0000000000004310        0x8
 .bss.localtime
                0x0000000000004310        0x8 /opt/ps4sdk/libPS4/libPS4.a(libc.o)
                0x0000000000004310                localtime

.bss.gmtime_s   0x0000000000004318        0x8
 .bss.gmtime_s  0x0000000000004318        0x8 /opt/ps4sdk/libPS4/libPS4.a(libc.o)
                0x0000000000004318                gmtime_s

.bss.gmtime     0x0000000000004320        0x8
 .bss.gmtime    0x0000000000004320        0x8 /opt/ps4sdk/libPS4/libPS4.a(libc.o)
                0x0000000000004320                gmtime

.bss.time       0x0000000000004328        0x8
 .bss.time      0x0000000000004328        0x8 /opt/ps4sdk/libPS4/libPS4.a(libc.o)
                0x0000000000004328                time

.bss.ctime_r    0x0000000000004330        0x8
 .bss.ctime_r   0x0000000000004330        0x8 /opt/ps4sdk/libPS4/libPS4.a(libc.o)
                0x0000000000004330                ctime_r

.bss.ctime      0x0000000000004338        0x8
 .bss.ctime     0x0000000000004338        0x8 /opt/ps4sdk/libPS4/libPS4.a(libc.o)
                0x0000000000004338                ctime

.bss.asctime_r  0x0000000000004340        0x8
 .bss.asctime_r
                0x0000000000004340        0x8 /opt/ps4sdk/libPS4/libPS4.a(libc.o)
                0x0000000000004340                asctime_r

.bss.asctime    0x0000000000004348        0x8
 .bss.asctime   0x0000000000004348        0x8 /opt/ps4sdk/libPS4/libPS4.a(libc.o)
                0x0000000000004348                asctime

.bss.rand       0x0000000000004350        0x8
 .bss.rand      0x0000000000004350        0x8 /opt/ps4sdk/libPS4/libPS4.a(libc.o)
                0x0000000000004350                rand

.bss.srand      0x0000000000004358        0x8
 .bss.srand     0x0000000000004358        0x8 /opt/ps4sdk/libPS4/libPS4.a(libc.o)
                0x0000000000004358                srand

.bss.ceil       0x0000000000004360        0x8
 .bss.ceil      0x0000000000004360        0x8 /opt/ps4sdk/libPS4/libPS4.a(libc.o)
                0x0000000000004360                ceil

.bss.bcopy      0x0000000000004368        0x8
 .bss.bcopy     0x0000000000004368        0x8 /opt/ps4sdk/libPS4/libPS4.a(libc.o)
                0x0000000000004368                bcopy

.bss._Stoul     0x0000000000004370        0x8
 .bss._Stoul    0x0000000000004370        0x8 /opt/ps4sdk/libPS4/libPS4.a(libc.o)
                0x0000000000004370                _Stoul

.bss._Getpctype
                0x0000000000004378        0x8
 .bss._Getpctype
                0x0000000000004378        0x8 /opt/ps4sdk/libPS4/libPS4.a(libc.o)
                0x0000000000004378                _Getpctype

.bss.strerror   0x0000000000004380        0x8
 .bss.strerror  0x0000000000004380        0x8 /opt/ps4sdk/libPS4/libPS4.a(libc.o)
                0x0000000000004380                strerror

.bss.strlcpy    0x0000000000004388        0x8
 .bss.strlcpy   0x0000000000004388        0x8 /opt/ps4sdk/libPS4/libPS4.a(libc.o)
                0x0000000000004388                strlcpy

.bss.atof       0x0000000000004390        0x8
 .bss.atof      0x0000000000004390        0x8 /opt/ps4sdk/libPS4/libPS4.a(libc.o)
                0x0000000000004390                atof

.bss.atoi       0x0000000000004398        0x8
 .bss.atoi      0x0000000000004398        0x8 /opt/ps4sdk/libPS4/libPS4.a(libc.o)
                0x0000000000004398                atoi

.bss.isdigit    0x00000000000043a0        0x8
 .bss.isdigit   0x00000000000043a0        0x8 /opt/ps4sdk/libPS4/libPS4.a(libc.o)
                0x00000000000043a0                isdigit

.bss.rindex     0x00000000000043a8        0x8
 .bss.rindex    0x00000000000043a8        0x8 /opt/ps4sdk/libPS4/libPS4.a(libc.o)
                0x00000000000043a8                rindex

.bss.index      0x00000000000043b0        0x8
 .bss.index     0x00000000000043b0        0x8 /opt/ps4sdk/libPS4/libPS4.a(libc.o)
                0x00000000000043b0                index

.bss.strdup     0x00000000000043b8        0x8
 .bss.strdup    0x00000000000043b8        0x8 /opt/ps4sdk/libPS4/libPS4.a(libc.o)
                0x00000000000043b8                strdup

.bss.strstr     0x00000000000043c0        0x8
 .bss.strstr    0x00000000000043c0        0x8 /opt/ps4sdk/libPS4/libPS4.a(libc.o)
                0x00000000000043c0                strstr

.bss.strrchr    0x00000000000043c8        0x8
 .bss.strrchr   0x00000000000043c8        0x8 /opt/ps4sdk/libPS4/libPS4.a(libc.o)
                0x00000000000043c8                strrchr

.bss.strchr     0x00000000000043d0        0x8
 .bss.strchr    0x00000000000043d0        0x8 /opt/ps4sdk/libPS4/libPS4.a(libc.o)
                0x00000000000043d0                strchr

.bss.strtok     0x00000000000043d8        0x8
 .bss.strtok    0x00000000000043d8        0x8 /opt/ps4sdk/libPS4/libPS4.a(libc.o)
                0x00000000000043d8                strtok

.bss.strtol     0x00000000000043e0        0x8
 .bss.strtol    0x00000000000043e0        0x8 /opt/ps4sdk/libPS4/libPS4.a(libc.o)
                0x00000000000043e0                strtol

.bss.sscanf     0x00000000000043e8        0x8
 .bss.sscanf    0x00000000000043e8        0x8 /opt/ps4sdk/libPS4/libPS4.a(libc.o)
                0x00000000000043e8                sscanf

.bss.snprintf_s
                0x00000000000043f0        0x8
 .bss.snprintf_s
                0x00000000000043f0        0x8 /opt/ps4sdk/libPS4/libPS4.a(libc.o)
                0x00000000000043f0                snprintf_s

.bss.snprintf   0x00000000000043f8        0x8
 .bss.snprintf  0x00000000000043f8        0x8 /opt/ps4sdk/libPS4/libPS4.a(libc.o)
                0x00000000000043f8                snprintf

.bss.sprintf    0x0000000000004400        0x8
 .bss.sprintf   0x0000000000004400        0x8 /opt/ps4sdk/libPS4/libPS4.a(libc.o)
                0x0000000000004400                sprintf

.bss.strncmp    0x0000000000004408        0x8
 .bss.strncmp   0x0000000000004408        0x8 /opt/ps4sdk/libPS4/libPS4.a(libc.o)
                0x0000000000004408                strncmp

.bss.strcmp     0x0000000000004410        0x8
 .bss.strcmp    0x0000000000004410        0x8 /opt/ps4sdk/libPS4/libPS4.a(libc.o)
                0x0000000000004410                strcmp

.bss.strlen     0x0000000000004418        0x8
 .bss.strlen    0x0000000000004418        0x8 /opt/ps4sdk/libPS4/libPS4.a(libc.o)
                0x0000000000004418                strlen

.bss.strncat    0x0000000000004420        0x8
 .bss.strncat   0x0000000000004420        0x8 /opt/ps4sdk/libPS4/libPS4.a(libc.o)
                0x0000000000004420                strncat

.bss.strcat     0x0000000000004428        0x8
 .bss.strcat    0x0000000000004428        0x8 /opt/ps4sdk/libPS4/libPS4.a(libc.o)
                0x0000000000004428                strcat

.bss.strncpy_s  0x0000000000004430        0x8
 .bss.strncpy_s
                0x0000000000004430        0x8 /opt/ps4sdk/libPS4/libPS4.a(libc.o)
                0x0000000000004430                strncpy_s

.bss.strncpy    0x0000000000004438        0x8
 .bss.strncpy   0x0000000000004438        0x8 /opt/ps4sdk/libPS4/libPS4.a(libc.o)
                0x0000000000004438                strncpy

.bss.strcpy     0x0000000000004440        0x8
 .bss.strcpy    0x0000000000004440        0x8 /opt/ps4sdk/libPS4/libPS4.a(libc.o)
                0x0000000000004440                strcpy

.bss.memmove_s  0x0000000000004448        0x8
 .bss.memmove_s
                0x0000000000004448        0x8 /opt/ps4sdk/libPS4/libPS4.a(libc.o)
                0x0000000000004448                memmove_s

.bss.memmove    0x0000000000004450        0x8
 .bss.memmove   0x0000000000004450        0x8 /opt/ps4sdk/libPS4/libPS4.a(libc.o)
                0x0000000000004450                memmove

.bss.memcmp     0x0000000000004458        0x8
 .bss.memcmp    0x0000000000004458        0x8 /opt/ps4sdk/libPS4/libPS4.a(libc.o)
                0x0000000000004458                memcmp

.bss.memcpy     0x0000000000004460        0x8
 .bss.memcpy    0x0000000000004460        0x8 /opt/ps4sdk/libPS4/libPS4.a(libc.o)
                0x0000000000004460                memcpy

.bss.memset     0x0000000000004468        0x8
 .bss.memset    0x0000000000004468        0x8 /opt/ps4sdk/libPS4/libPS4.a(libc.o)
                0x0000000000004468                memset

.bss.memalign   0x0000000000004470        0x8
 .bss.memalign  0x0000000000004470        0x8 /opt/ps4sdk/libPS4/libPS4.a(libc.o)
                0x0000000000004470                memalign

.bss.realloc    0x0000000000004478        0x8
 .bss.realloc   0x0000000000004478        0x8 /opt/ps4sdk/libPS4/libPS4.a(libc.o)
                0x0000000000004478                realloc

.bss.calloc     0x0000000000004480        0x8
 .bss.calloc    0x0000000000004480        0x8 /opt/ps4sdk/libPS4/libPS4.a(libc.o)
                0x0000000000004480                calloc

.bss.free       0x0000000000004488        0x8
 .bss.free      0x0000000000004488        0x8 /opt/ps4sdk/libPS4/libPS4.a(libc.o)
                0x0000000000004488                free

.bss.malloc     0x0000000000004490        0x8
 .bss.malloc    0x0000000000004490        0x8 /opt/ps4sdk/libPS4/libPS4.a(libc.o)
                0x0000000000004490                malloc

.bss.libc       0x0000000000004498        0x4
 .bss.libc      0x0000000000004498        0x4 /opt/ps4sdk/libPS4/libPS4.a(libc.o)
                0x0000000000004498                libc

.bss.sceNetCtlGetInfo
                0x00000000000044a0        0x8
 .bss.sceNetCtlGetInfo
                0x00000000000044a0        0x8 /opt/ps4sdk/libPS4/libPS4.a(network.o)
                0x00000000000044a0                sceNetCtlGetInfo

.bss.sceNetCtlTerm
                0x00000000000044a8        0x8
 .bss.sceNetCtlTerm
                0x00000000000044a8        0x8 /opt/ps4sdk/libPS4/libPS4.a(network.o)
                0x00000000000044a8                sceNetCtlTerm

.bss.sceNetCtlInit
                0x00000000000044b0        0x8
 .bss.sceNetCtlInit
                0x00000000000044b0        0x8 /opt/ps4sdk/libPS4/libPS4.a(network.o)
                0x00000000000044b0                sceNetCtlInit

.bss.sceNetNtohs
                0x00000000000044b8        0x8
 .bss.sceNetNtohs
                0x00000000000044b8        0x8 /opt/ps4sdk/libPS4/libPS4.a(network.o)
                0x00000000000044b8                sceNetNtohs

.bss.sceNetNtohl
                0x00000000000044c0        0x8
 .bss.sceNetNtohl
                0x00000000000044c0        0x8 /opt/ps4sdk/libPS4/libPS4.a(network.o)
                0x00000000000044c0                sceNetNtohl

.bss.sceNetNtohll
                0x00000000000044c8        0x8
 .bss.sceNetNtohll
                0x00000000000044c8        0x8 /opt/ps4sdk/libPS4/libPS4.a(network.o)
                0x00000000000044c8                sceNetNtohll

.bss.sceNetHtons
                0x00000000000044d0        0x8
 .bss.sceNetHtons
                0x00000000000044d0        0x8 /opt/ps4sdk/libPS4/libPS4.a(network.o)
                0x00000000000044d0                sceNetHtons

.bss.sceNetHtonl
                0x00000000000044d8        0x8
 .bss.sceNetHtonl
                0x00000000000044d8        0x8 /opt/ps4sdk/libPS4/libPS4.a(network.o)
                0x00000000000044d8                sceNetHtonl

.bss.sceNetHtonll
                0x00000000000044e0        0x8
 .bss.sceNetHtonll
                0x00000000000044e0        0x8 /opt/ps4sdk/libPS4/libPS4.a(network.o)
                0x00000000000044e0                sceNetHtonll

.bss.sceNetInetPton
                0x00000000000044e8        0x8
 .bss.sceNetInetPton
                0x00000000000044e8        0x8 /opt/ps4sdk/libPS4/libPS4.a(network.o)
                0x00000000000044e8                sceNetInetPton

.bss.sceNetInetNtop
                0x00000000000044f0        0x8
 .bss.sceNetInetNtop
                0x00000000000044f0        0x8 /opt/ps4sdk/libPS4/libPS4.a(network.o)
                0x00000000000044f0                sceNetInetNtop

.bss.sceNetSetsockopt
                0x00000000000044f8        0x8
 .bss.sceNetSetsockopt
                0x00000000000044f8        0x8 /opt/ps4sdk/libPS4/libPS4.a(network.o)
                0x00000000000044f8                sceNetSetsockopt

.bss.sceNetGetsockopt
                0x0000000000004500        0x8
 .bss.sceNetGetsockopt
                0x0000000000004500        0x8 /opt/ps4sdk/libPS4/libPS4.a(network.o)
                0x0000000000004500                sceNetGetsockopt

.bss.sceNetGetsockname
                0x0000000000004508        0x8
 .bss.sceNetGetsockname
                0x0000000000004508        0x8 /opt/ps4sdk/libPS4/libPS4.a(network.o)
                0x0000000000004508                sceNetGetsockname

.bss.sceNetSocketAbort
                0x0000000000004510        0x8
 .bss.sceNetSocketAbort
                0x0000000000004510        0x8 /opt/ps4sdk/libPS4/libPS4.a(network.o)
                0x0000000000004510                sceNetSocketAbort

.bss.sceNetRecv
                0x0000000000004518        0x8
 .bss.sceNetRecv
                0x0000000000004518        0x8 /opt/ps4sdk/libPS4/libPS4.a(network.o)
                0x0000000000004518                sceNetRecv

.bss.sceNetAccept
                0x0000000000004520        0x8
 .bss.sceNetAccept
                0x0000000000004520        0x8 /opt/ps4sdk/libPS4/libPS4.a(network.o)
                0x0000000000004520                sceNetAccept

.bss.sceNetListen
                0x0000000000004528        0x8
 .bss.sceNetListen
                0x0000000000004528        0x8 /opt/ps4sdk/libPS4/libPS4.a(network.o)
                0x0000000000004528                sceNetListen

.bss.sceNetBind
                0x0000000000004530        0x8
 .bss.sceNetBind
                0x0000000000004530        0x8 /opt/ps4sdk/libPS4/libPS4.a(network.o)
                0x0000000000004530                sceNetBind

.bss.sceNetSend
                0x0000000000004538        0x8
 .bss.sceNetSend
                0x0000000000004538        0x8 /opt/ps4sdk/libPS4/libPS4.a(network.o)
                0x0000000000004538                sceNetSend

.bss.sceNetConnect
                0x0000000000004540        0x8
 .bss.sceNetConnect
                0x0000000000004540        0x8 /opt/ps4sdk/libPS4/libPS4.a(network.o)
                0x0000000000004540                sceNetConnect

.bss.sceNetSocketClose
                0x0000000000004548        0x8
 .bss.sceNetSocketClose
                0x0000000000004548        0x8 /opt/ps4sdk/libPS4/libPS4.a(network.o)
                0x0000000000004548                sceNetSocketClose

.bss.sceNetSocket
                0x0000000000004550        0x8
 .bss.sceNetSocket
                0x0000000000004550        0x8 /opt/ps4sdk/libPS4/libPS4.a(network.o)
                0x0000000000004550                sceNetSocket

.bss.sceNetErrnoLoc
                0x0000000000004558        0x8
 .bss.sceNetErrnoLoc
                0x0000000000004558        0x8 /opt/ps4sdk/libPS4/libPS4.a(network.o)
                0x0000000000004558                sceNetErrnoLoc

.bss.libNetCtl  0x0000000000004560        0x4
 .bss.libNetCtl
                0x0000000000004560        0x4 /opt/ps4sdk/libPS4/libPS4.a(network.o)
                0x0000000000004560                libNetCtl

.bss.libNet     0x0000000000004564        0x4
 .bss.libNet    0x0000000000004564        0x4 /opt/ps4sdk/libPS4/libPS4.a(network.o)
                0x0000000000004564                libNet

.bss.scePthreadMutexUnlock
                0x0000000000004568        0x8
 .bss.scePthreadMutexUnlock
                0x0000000000004568        0x8 /opt/ps4sdk/libPS4/libPS4.a(pthread.o)
                0x0000000000004568                scePthreadMutexUnlock

.bss.scePthreadMutexTimedlock
                0x0000000000004570        0x8
 .bss.scePthreadMutexTimedlock
                0x0000000000004570        0x8 /opt/ps4sdk/libPS4/libPS4.a(pthread.o)
                0x0000000000004570                scePthreadMutexTimedlock

.bss.scePthreadMutexTrylock
                0x0000000000004578        0x8
 .bss.scePthreadMutexTrylock
                0x0000000000004578        0x8 /opt/ps4sdk/libPS4/libPS4.a(pthread.o)
                0x0000000000004578                scePthreadMutexTrylock

.bss.scePthreadMutexLock
                0x0000000000004580        0x8
 .bss.scePthreadMutexLock
                0x0000000000004580        0x8 /opt/ps4sdk/libPS4/libPS4.a(pthread.o)
                0x0000000000004580                scePthreadMutexLock

.bss.scePthreadMutexDestroy
                0x0000000000004588        0x8
 .bss.scePthreadMutexDestroy
                0x0000000000004588        0x8 /opt/ps4sdk/libPS4/libPS4.a(pthread.o)
                0x0000000000004588                scePthreadMutexDestroy

.bss.scePthreadMutexInit
                0x0000000000004590        0x8
 .bss.scePthreadMutexInit
                0x0000000000004590        0x8 /opt/ps4sdk/libPS4/libPS4.a(pthread.o)
                0x0000000000004590                scePthreadMutexInit

.bss.scePthreadCancel
                0x0000000000004598        0x8
 .bss.scePthreadCancel
                0x0000000000004598        0x8 /opt/ps4sdk/libPS4/libPS4.a(pthread.o)
                0x0000000000004598                scePthreadCancel

.bss.scePthreadSelf
                0x00000000000045a0        0x8
 .bss.scePthreadSelf
                0x00000000000045a0        0x8 /opt/ps4sdk/libPS4/libPS4.a(pthread.o)
                0x00000000000045a0                scePthreadSelf

.bss.scePthreadYield
                0x00000000000045a8        0x8
 .bss.scePthreadYield
                0x00000000000045a8        0x8 /opt/ps4sdk/libPS4/libPS4.a(pthread.o)
                0x00000000000045a8                scePthreadYield

.bss.scePthreadJoin
                0x00000000000045b0        0x8
 .bss.scePthreadJoin
                0x00000000000045b0        0x8 /opt/ps4sdk/libPS4/libPS4.a(pthread.o)
                0x00000000000045b0                scePthreadJoin

.bss.scePthreadDetach
                0x00000000000045b8        0x8
 .bss.scePthreadDetach
                0x00000000000045b8        0x8 /opt/ps4sdk/libPS4/libPS4.a(pthread.o)
                0x00000000000045b8                scePthreadDetach

.bss.scePthreadExit
                0x00000000000045c0        0x8
 .bss.scePthreadExit
                0x00000000000045c0        0x8 /opt/ps4sdk/libPS4/libPS4.a(pthread.o)
                0x00000000000045c0                scePthreadExit

.bss.scePthreadCreate
                0x00000000000045c8        0x8
 .bss.scePthreadCreate
                0x00000000000045c8        0x8 /opt/ps4sdk/libPS4/libPS4.a(pthread.o)
                0x00000000000045c8                scePthreadCreate

.bss.libPthread
                0x00000000000045d0        0x4
 .bss.libPthread
                0x00000000000045d0        0x4 /opt/ps4sdk/libPS4/libPS4.a(pthread.o)
                0x00000000000045d0                libPthread

.bss.sceSystemServiceLaunchWebBrowser
                0x00000000000045d8        0x8
 .bss.sceSystemServiceLaunchWebBrowser
                0x00000000000045d8        0x8 /opt/ps4sdk/libPS4/libPS4.a(sysutil.o)
                0x00000000000045d8                sceSystemServiceLaunchWebBrowser

.bss.sceSysUtilSendSystemNotificationWithText
                0x00000000000045e0        0x8
 .bss.sceSysUtilSendSystemNotificationWithText
                0x00000000000045e0        0x8 /opt/ps4sdk/libPS4/libPS4.a(sysutil.o)
                0x00000000000045e0                sceSysUtilSendSystemNotificationWithText

.bss.libSceSystemService
                0x00000000000045e8        0x4
 .bss.libSceSystemService
                0x00000000000045e8        0x4 /opt/ps4sdk/libPS4/libPS4.a(sysutil.o)
                0x00000000000045e8                libSceSystemService

.bss.sysUtilHandle
                0x00000000000045ec        0x4
 .bss.sysUtilHandle
                0x00000000000045ec        0x4 /opt/ps4sdk/libPS4/libPS4.a(sysutil.o)
                0x00000000000045ec                sysUtilHandle

/DISCARD/
 *(.comment)
 *(.note.GNU-stack)
 *(.eh_frame)
 *(.interp)
LOAD /opt/ps4sdk/libPS4/libPS4.a
OUTPUT(temp.t elf64-x86-64)
